10月 03 02:09:12 placeless-MS-7A72 kernel: usb 1-1: USB disconnect, device number 118
10月 03 02:09:12 placeless-MS-7A72 kernel: usb 1-1: USB disconnect, device number 118
10月 03 02:09:12 placeless-MS-7A72 kernel: usb 1-1: USB disconnect, device number 118
10月 03 02:09:12 placeless-MS-7A72 kernel: usb 1-1: USB disconnect, device number 118
10月 03 02:09:12 placeless-MS-7A72 kernel: usb 1-1: USB disconnect, device number 118
10月 03 02:09:12 placeless-MS-7A72 kernel: usb 1-1: USB disconnect, device number 118
10月 03 02:09:12 placeless-MS-7A72 kernel: usb 1-1: USB disconnect, device number 118
10月 03 02:09:12 placeless-MS-7A72 kernel: usb 1-1: USB disconnect, device number 118
10月 03 02:11:47 placeless-MS-7A72 kernel: usb 1-1: new high-speed USB device number 119 using xhci_hcd
10月 03 02:11:48 placeless-MS-7A72 kernel: usb 1-1: New USB device found, idVendor=12d1, idProduct=107e, bcdDevice= 2.99
10月 03 02:11:48 placeless-MS-7A72 kernel: usb 1-1: New USB device strings: Mfr=1, Product=2, SerialNumber=3
10月 03 02:11:48 placeless-MS-7A72 kernel: usb 1-1: Product: HUAWEI
10月 03 02:11:48 placeless-MS-7A72 kernel: usb 1-1: Manufacturer: unknown
10月 03 02:11:48 placeless-MS-7A72 kernel: usb 1-1: SerialNumber: SCV7N18927000473
10月 03 02:11:47 placeless-MS-7A72 kernel: usb 1-1: new high-speed USB device number 119 using xhci_hcd
10月 03 02:11:48 placeless-MS-7A72 kernel: usb 1-1: New USB device found, idVendor=12d1, idProduct=107e, bcdDevice= 2.99
10月 03 02:11:48 placeless-MS-7A72 kernel: usb 1-1: New USB device strings: Mfr=1, Product=2, SerialNumber=3
10月 03 02:11:48 placeless-MS-7A72 kernel: usb 1-1: Product: HUAWEI
10月 03 02:11:48 placeless-MS-7A72 kernel: usb 1-1: Manufacturer: unknown
10月 03 02:11:48 placeless-MS-7A72 kernel: usb 1-1: SerialNumber: SCV7N18927000473
10月 03 02:11:47 placeless-MS-7A72 kernel: usb 1-1: new high-speed USB device number 119 using xhci_hcd
10月 03 02:11:48 placeless-MS-7A72 kernel: usb 1-1: New USB device found, idVendor=12d1, idProduct=107e, bcdDevice= 2.99
10月 03 02:11:48 placeless-MS-7A72 kernel: usb 1-1: New USB device strings: Mfr=1, Product=2, SerialNumber=3
10月 03 02:11:48 placeless-MS-7A72 kernel: usb 1-1: Product: HUAWEI
10月 03 02:11:48 placeless-MS-7A72 kernel: usb 1-1: Manufacturer: unknown
10月 03 02:11:48 placeless-MS-7A72 kernel: usb 1-1: SerialNumber: SCV7N18927000473
10月 03 02:11:47 placeless-MS-7A72 kernel: usb 1-1: new high-speed USB device number 119 using xhci_hcd
10月 03 02:11:48 placeless-MS-7A72 kernel: usb 1-1: New USB device found, idVendor=12d1, idProduct=107e, bcdDevice= 2.99
10月 03 02:11:48 placeless-MS-7A72 kernel: usb 1-1: New USB device strings: Mfr=1, Product=2, SerialNumber=3
10月 03 02:11:48 placeless-MS-7A72 kernel: usb 1-1: Product: HUAWEI
10月 03 02:11:48 placeless-MS-7A72 kernel: usb 1-1: Manufacturer: unknown
10月 03 02:11:48 placeless-MS-7A72 kernel: usb 1-1: SerialNumber: SCV7N18927000473
10月 03 02:11:47 placeless-MS-7A72 kernel: usb 1-1: new high-speed USB device number 119 using xhci_hcd
10月 03 02:11:48 placeless-MS-7A72 kernel: usb 1-1: New USB device found, idVendor=12d1, idProduct=107e, bcdDevice= 2.99
10月 03 02:11:48 placeless-MS-7A72 kernel: usb 1-1: New USB device strings: Mfr=1, Product=2, SerialNumber=3
10月 03 02:11:48 placeless-MS-7A72 kernel: usb 1-1: Product: HUAWEI
10月 03 02:11:48 placeless-MS-7A72 kernel: usb 1-1: Manufacturer: unknown
10月 03 02:11:48 placeless-MS-7A72 kernel: usb 1-1: SerialNumber: SCV7N18927000473
10月 03 02:11:47 placeless-MS-7A72 kernel: usb 1-1: new high-speed USB device number 119 using xhci_hcd
10月 03 02:11:48 placeless-MS-7A72 kernel: usb 1-1: New USB device found, idVendor=12d1, idProduct=107e, bcdDevice= 2.99
10月 03 02:11:48 placeless-MS-7A72 kernel: usb 1-1: New USB device strings: Mfr=1, Product=2, SerialNumber=3
10月 03 02:11:48 placeless-MS-7A72 kernel: usb 1-1: Product: HUAWEI
10月 03 02:11:48 placeless-MS-7A72 kernel: usb 1-1: Manufacturer: unknown
10月 03 02:11:48 placeless-MS-7A72 kernel: usb 1-1: SerialNumber: SCV7N18927000473
10月 03 02:11:47 placeless-MS-7A72 kernel: usb 1-1: new high-speed USB device number 119 using xhci_hcd
10月 03 02:11:48 placeless-MS-7A72 kernel: usb 1-1: New USB device found, idVendor=12d1, idProduct=107e, bcdDevice= 2.99
10月 03 02:11:48 placeless-MS-7A72 kernel: usb 1-1: New USB device strings: Mfr=1, Product=2, SerialNumber=3
10月 03 02:11:48 placeless-MS-7A72 kernel: usb 1-1: Product: HUAWEI
10月 03 02:11:48 placeless-MS-7A72 kernel: usb 1-1: Manufacturer: unknown
10月 03 02:11:48 placeless-MS-7A72 kernel: usb 1-1: SerialNumber: SCV7N18927000473
10月 03 02:12:42 placeless-MS-7A72 kernel: usb 1-1: USB disconnect, device number 119
10月 03 02:12:42 placeless-MS-7A72 kernel: usb 1-1: USB disconnect, device number 119
10月 03 02:12:47 placeless-MS-7A72 kernel: usb 1-1: new high-speed USB device number 120 using xhci_hcd
10月 03 02:12:47 placeless-MS-7A72 kernel: usb 1-1: New USB device found, idVendor=18d1, idProduct=d00d, bcdDevice= 1.00
10月 03 02:12:47 placeless-MS-7A72 kernel: usb 1-1: New USB device strings: Mfr=1, Product=2, SerialNumber=3
10月 03 02:12:47 placeless-MS-7A72 kernel: usb 1-1: Product: Fastboot2.0
10月 03 02:12:47 placeless-MS-7A72 kernel: usb 1-1: Manufacturer: Fastbo
10月 03 02:12:47 placeless-MS-7A72 kernel: usb 1-1: SerialNumber: SCV7N18927000473
10月 03 02:12:42 placeless-MS-7A72 kernel: usb 1-1: USB disconnect, device number 119
10月 03 02:12:47 placeless-MS-7A72 kernel: usb 1-1: new high-speed USB device number 120 using xhci_hcd
10月 03 02:12:47 placeless-MS-7A72 kernel: usb 1-1: New USB device found, idVendor=18d1, idProduct=d00d, bcdDevice= 1.00
10月 03 02:12:47 placeless-MS-7A72 kernel: usb 1-1: New USB device strings: Mfr=1, Product=2, SerialNumber=3
10月 03 02:12:47 placeless-MS-7A72 kernel: usb 1-1: Product: Fastboot2.0
10月 03 02:12:47 placeless-MS-7A72 kernel: usb 1-1: Manufacturer: Fastbo
10月 03 02:12:47 placeless-MS-7A72 kernel: usb 1-1: SerialNumber: SCV7N18927000473
10月 03 02:12:50 placeless-MS-7A72 kernel: usb 1-1: USB disconnect, device number 120
10月 03 02:12:42 placeless-MS-7A72 kernel: usb 1-1: USB disconnect, device number 119
10月 03 02:12:47 placeless-MS-7A72 kernel: usb 1-1: new high-speed USB device number 120 using xhci_hcd
10月 03 02:12:47 placeless-MS-7A72 kernel: usb 1-1: New USB device found, idVendor=18d1, idProduct=d00d, bcdDevice= 1.00
10月 03 02:12:47 placeless-MS-7A72 kernel: usb 1-1: New USB device strings: Mfr=1, Product=2, SerialNumber=3
10月 03 02:12:47 placeless-MS-7A72 kernel: usb 1-1: Product: Fastboot2.0
10月 03 02:12:47 placeless-MS-7A72 kernel: usb 1-1: Manufacturer: Fastbo
10月 03 02:12:47 placeless-MS-7A72 kernel: usb 1-1: SerialNumber: SCV7N18927000473
10月 03 02:12:50 placeless-MS-7A72 kernel: usb 1-1: USB disconnect, device number 120
10月 03 02:12:42 placeless-MS-7A72 kernel: usb 1-1: USB disconnect, device number 119
10月 03 02:12:47 placeless-MS-7A72 kernel: usb 1-1: new high-speed USB device number 120 using xhci_hcd
10月 03 02:12:47 placeless-MS-7A72 kernel: usb 1-1: New USB device found, idVendor=18d1, idProduct=d00d, bcdDevice= 1.00
10月 03 02:12:47 placeless-MS-7A72 kernel: usb 1-1: New USB device strings: Mfr=1, Product=2, SerialNumber=3
10月 03 02:12:47 placeless-MS-7A72 kernel: usb 1-1: Product: Fastboot2.0
10月 03 02:12:47 placeless-MS-7A72 kernel: usb 1-1: Manufacturer: Fastbo
10月 03 02:12:47 placeless-MS-7A72 kernel: usb 1-1: SerialNumber: SCV7N18927000473
10月 03 02:12:50 placeless-MS-7A72 kernel: usb 1-1: USB disconnect, device number 120
10月 03 02:12:42 placeless-MS-7A72 kernel: usb 1-1: USB disconnect, device number 119
10月 03 02:12:47 placeless-MS-7A72 kernel: usb 1-1: new high-speed USB device number 120 using xhci_hcd
10月 03 02:12:47 placeless-MS-7A72 kernel: usb 1-1: New USB device found, idVendor=18d1, idProduct=d00d, bcdDevice= 1.00
10月 03 02:12:47 placeless-MS-7A72 kernel: usb 1-1: New USB device strings: Mfr=1, Product=2, SerialNumber=3
10月 03 02:12:47 placeless-MS-7A72 kernel: usb 1-1: Product: Fastboot2.0
10月 03 02:12:47 placeless-MS-7A72 kernel: usb 1-1: Manufacturer: Fastbo
10月 03 02:12:47 placeless-MS-7A72 kernel: usb 1-1: SerialNumber: SCV7N18927000473
10月 03 02:12:50 placeless-MS-7A72 kernel: usb 1-1: USB disconnect, device number 120
10月 03 02:12:42 placeless-MS-7A72 kernel: usb 1-1: USB disconnect, device number 119
10月 03 02:12:47 placeless-MS-7A72 kernel: usb 1-1: new high-speed USB device number 120 using xhci_hcd
10月 03 02:12:47 placeless-MS-7A72 kernel: usb 1-1: New USB device found, idVendor=18d1, idProduct=d00d, bcdDevice= 1.00
10月 03 02:12:47 placeless-MS-7A72 kernel: usb 1-1: New USB device strings: Mfr=1, Product=2, SerialNumber=3
10月 03 02:12:47 placeless-MS-7A72 kernel: usb 1-1: Product: Fastboot2.0
10月 03 02:12:47 placeless-MS-7A72 kernel: usb 1-1: Manufacturer: Fastbo
10月 03 02:12:47 placeless-MS-7A72 kernel: usb 1-1: SerialNumber: SCV7N18927000473
10月 03 02:12:50 placeless-MS-7A72 kernel: usb 1-1: USB disconnect, device number 120
10月 03 02:12:42 placeless-MS-7A72 kernel: usb 1-1: USB disconnect, device number 119
10月 03 02:12:47 placeless-MS-7A72 kernel: usb 1-1: new high-speed USB device number 120 using xhci_hcd
10月 03 02:12:47 placeless-MS-7A72 kernel: usb 1-1: New USB device found, idVendor=18d1, idProduct=d00d, bcdDevice= 1.00
10月 03 02:12:47 placeless-MS-7A72 kernel: usb 1-1: New USB device strings: Mfr=1, Product=2, SerialNumber=3
10月 03 02:12:47 placeless-MS-7A72 kernel: usb 1-1: Product: Fastboot2.0
10月 03 02:12:47 placeless-MS-7A72 kernel: usb 1-1: Manufacturer: Fastbo
10月 03 02:12:47 placeless-MS-7A72 kernel: usb 1-1: SerialNumber: SCV7N18927000473
10月 03 02:12:50 placeless-MS-7A72 kernel: usb 1-1: USB disconnect, device number 120
10月 03 02:12:47 placeless-MS-7A72 kernel: usb 1-1: new high-speed USB device number 120 using xhci_hcd
10月 03 02:12:47 placeless-MS-7A72 kernel: usb 1-1: New USB device found, idVendor=18d1, idProduct=d00d, bcdDevice= 1.00
10月 03 02:12:47 placeless-MS-7A72 kernel: usb 1-1: New USB device strings: Mfr=1, Product=2, SerialNumber=3
10月 03 02:12:47 placeless-MS-7A72 kernel: usb 1-1: Product: Fastboot2.0
10月 03 02:12:47 placeless-MS-7A72 kernel: usb 1-1: Manufacturer: Fastbo
10月 03 02:12:47 placeless-MS-7A72 kernel: usb 1-1: SerialNumber: SCV7N18927000473
10月 03 02:12:50 placeless-MS-7A72 kernel: usb 1-1: USB disconnect, device number 120
10月 03 02:12:50 placeless-MS-7A72 kernel: usb 1-1: USB disconnect, device number 120
10月 03 02:15:25 placeless-MS-7A72 kernel: usb 1-1: new high-speed USB device number 121 using xhci_hcd
10月 03 02:15:25 placeless-MS-7A72 kernel: usb 1-1: New USB device found, idVendor=12d1, idProduct=107e, bcdDevice= 2.99
10月 03 02:15:25 placeless-MS-7A72 kernel: usb 1-1: New USB device strings: Mfr=1, Product=2, SerialNumber=3
10月 03 02:15:25 placeless-MS-7A72 kernel: usb 1-1: Product: HUAWEI
10月 03 02:15:25 placeless-MS-7A72 kernel: usb 1-1: Manufacturer: unknown
10月 03 02:15:25 placeless-MS-7A72 kernel: usb 1-1: SerialNumber: SCV7N18927000473
10月 03 02:15:25 placeless-MS-7A72 kernel: usb 1-1: new high-speed USB device number 121 using xhci_hcd
10月 03 02:15:25 placeless-MS-7A72 kernel: usb 1-1: New USB device found, idVendor=12d1, idProduct=107e, bcdDevice= 2.99
10月 03 02:15:25 placeless-MS-7A72 kernel: usb 1-1: New USB device strings: Mfr=1, Product=2, SerialNumber=3
10月 03 02:15:25 placeless-MS-7A72 kernel: usb 1-1: Product: HUAWEI
10月 03 02:15:25 placeless-MS-7A72 kernel: usb 1-1: Manufacturer: unknown
10月 03 02:15:25 placeless-MS-7A72 kernel: usb 1-1: SerialNumber: SCV7N18927000473
10月 03 02:15:25 placeless-MS-7A72 kernel: usb 1-1: new high-speed USB device number 121 using xhci_hcd
10月 03 02:15:25 placeless-MS-7A72 kernel: usb 1-1: New USB device found, idVendor=12d1, idProduct=107e, bcdDevice= 2.99
10月 03 02:15:25 placeless-MS-7A72 kernel: usb 1-1: New USB device strings: Mfr=1, Product=2, SerialNumber=3
10月 03 02:15:25 placeless-MS-7A72 kernel: usb 1-1: Product: HUAWEI
10月 03 02:15:25 placeless-MS-7A72 kernel: usb 1-1: Manufacturer: unknown
10月 03 02:15:25 placeless-MS-7A72 kernel: usb 1-1: SerialNumber: SCV7N18927000473
10月 03 02:15:25 placeless-MS-7A72 kernel: usb 1-1: new high-speed USB device number 121 using xhci_hcd
10月 03 02:15:25 placeless-MS-7A72 kernel: usb 1-1: New USB device found, idVendor=12d1, idProduct=107e, bcdDevice= 2.99
10月 03 02:15:25 placeless-MS-7A72 kernel: usb 1-1: New USB device strings: Mfr=1, Product=2, SerialNumber=3
10月 03 02:15:25 placeless-MS-7A72 kernel: usb 1-1: Product: HUAWEI
10月 03 02:15:25 placeless-MS-7A72 kernel: usb 1-1: Manufacturer: unknown
10月 03 02:15:25 placeless-MS-7A72 kernel: usb 1-1: SerialNumber: SCV7N18927000473
10月 03 02:15:25 placeless-MS-7A72 kernel: usb 1-1: new high-speed USB device number 121 using xhci_hcd
10月 03 02:15:25 placeless-MS-7A72 kernel: usb 1-1: New USB device found, idVendor=12d1, idProduct=107e, bcdDevice= 2.99
10月 03 02:15:25 placeless-MS-7A72 kernel: usb 1-1: New USB device strings: Mfr=1, Product=2, SerialNumber=3
10月 03 02:15:25 placeless-MS-7A72 kernel: usb 1-1: Product: HUAWEI
10月 03 02:15:25 placeless-MS-7A72 kernel: usb 1-1: Manufacturer: unknown
10月 03 02:15:25 placeless-MS-7A72 kernel: usb 1-1: SerialNumber: SCV7N18927000473
10月 03 02:15:25 placeless-MS-7A72 kernel: usb 1-1: new high-speed USB device number 121 using xhci_hcd
10月 03 02:15:25 placeless-MS-7A72 kernel: usb 1-1: New USB device found, idVendor=12d1, idProduct=107e, bcdDevice= 2.99
10月 03 02:15:25 placeless-MS-7A72 kernel: usb 1-1: New USB device strings: Mfr=1, Product=2, SerialNumber=3
10月 03 02:15:25 placeless-MS-7A72 kernel: usb 1-1: Product: HUAWEI
10月 03 02:15:25 placeless-MS-7A72 kernel: usb 1-1: Manufacturer: unknown
10月 03 02:15:25 placeless-MS-7A72 kernel: usb 1-1: SerialNumber: SCV7N18927000473
10月 03 02:15:25 placeless-MS-7A72 kernel: usb 1-1: new high-speed USB device number 121 using xhci_hcd
10月 03 02:15:25 placeless-MS-7A72 kernel: usb 1-1: New USB device found, idVendor=12d1, idProduct=107e, bcdDevice= 2.99
10月 03 02:15:25 placeless-MS-7A72 kernel: usb 1-1: New USB device strings: Mfr=1, Product=2, SerialNumber=3
10月 03 02:15:25 placeless-MS-7A72 kernel: usb 1-1: Product: HUAWEI
10月 03 02:15:25 placeless-MS-7A72 kernel: usb 1-1: Manufacturer: unknown
10月 03 02:15:25 placeless-MS-7A72 kernel: usb 1-1: SerialNumber: SCV7N18927000473
10月 03 02:22:21 placeless-MS-7A72 kernel: usb 1-1: USB disconnect, device number 121
10月 03 02:22:21 placeless-MS-7A72 kernel: usb 1-1: USB disconnect, device number 121
10月 03 02:22:21 placeless-MS-7A72 kernel: usb 1-1: USB disconnect, device number 121
10月 03 02:22:26 placeless-MS-7A72 kernel: usb 1-1: new high-speed USB device number 122 using xhci_hcd
10月 03 02:22:26 placeless-MS-7A72 kernel: usb 1-1: New USB device found, idVendor=18d1, idProduct=d00d, bcdDevice= 1.00
10月 03 02:22:26 placeless-MS-7A72 kernel: usb 1-1: New USB device strings: Mfr=1, Product=2, SerialNumber=3
10月 03 02:22:26 placeless-MS-7A72 kernel: usb 1-1: Product: Fastboot2.0
10月 03 02:22:26 placeless-MS-7A72 kernel: usb 1-1: Manufacturer: Fastbo
10月 03 02:22:26 placeless-MS-7A72 kernel: usb 1-1: SerialNumber: SCV7N18927000473
10月 03 02:22:28 placeless-MS-7A72 kernel: usb 1-1: USB disconnect, device number 122
10月 03 02:22:21 placeless-MS-7A72 kernel: usb 1-1: USB disconnect, device number 121
10月 03 02:22:26 placeless-MS-7A72 kernel: usb 1-1: new high-speed USB device number 122 using xhci_hcd
10月 03 02:22:26 placeless-MS-7A72 kernel: usb 1-1: New USB device found, idVendor=18d1, idProduct=d00d, bcdDevice= 1.00
10月 03 02:22:26 placeless-MS-7A72 kernel: usb 1-1: New USB device strings: Mfr=1, Product=2, SerialNumber=3
10月 03 02:22:26 placeless-MS-7A72 kernel: usb 1-1: Product: Fastboot2.0
10月 03 02:22:26 placeless-MS-7A72 kernel: usb 1-1: Manufacturer: Fastbo
10月 03 02:22:26 placeless-MS-7A72 kernel: usb 1-1: SerialNumber: SCV7N18927000473
10月 03 02:22:28 placeless-MS-7A72 kernel: usb 1-1: USB disconnect, device number 122
10月 03 02:22:21 placeless-MS-7A72 kernel: usb 1-1: USB disconnect, device number 121
10月 03 02:22:26 placeless-MS-7A72 kernel: usb 1-1: new high-speed USB device number 122 using xhci_hcd
10月 03 02:22:26 placeless-MS-7A72 kernel: usb 1-1: New USB device found, idVendor=18d1, idProduct=d00d, bcdDevice= 1.00
10月 03 02:22:26 placeless-MS-7A72 kernel: usb 1-1: New USB device strings: Mfr=1, Product=2, SerialNumber=3
10月 03 02:22:26 placeless-MS-7A72 kernel: usb 1-1: Product: Fastboot2.0
10月 03 02:22:26 placeless-MS-7A72 kernel: usb 1-1: Manufacturer: Fastbo
10月 03 02:22:26 placeless-MS-7A72 kernel: usb 1-1: SerialNumber: SCV7N18927000473
10月 03 02:22:28 placeless-MS-7A72 kernel: usb 1-1: USB disconnect, device number 122
10月 03 02:22:21 placeless-MS-7A72 kernel: usb 1-1: USB disconnect, device number 121
10月 03 02:22:26 placeless-MS-7A72 kernel: usb 1-1: new high-speed USB device number 122 using xhci_hcd
10月 03 02:22:26 placeless-MS-7A72 kernel: usb 1-1: New USB device found, idVendor=18d1, idProduct=d00d, bcdDevice= 1.00
10月 03 02:22:26 placeless-MS-7A72 kernel: usb 1-1: New USB device strings: Mfr=1, Product=2, SerialNumber=3
10月 03 02:22:26 placeless-MS-7A72 kernel: usb 1-1: Product: Fastboot2.0
10月 03 02:22:26 placeless-MS-7A72 kernel: usb 1-1: Manufacturer: Fastbo
10月 03 02:22:26 placeless-MS-7A72 kernel: usb 1-1: SerialNumber: SCV7N18927000473
10月 03 02:22:28 placeless-MS-7A72 kernel: usb 1-1: USB disconnect, device number 122
10月 03 02:22:21 placeless-MS-7A72 kernel: usb 1-1: USB disconnect, device number 121
10月 03 02:22:26 placeless-MS-7A72 kernel: usb 1-1: new high-speed USB device number 122 using xhci_hcd
10月 03 02:22:26 placeless-MS-7A72 kernel: usb 1-1: New USB device found, idVendor=18d1, idProduct=d00d, bcdDevice= 1.00
10月 03 02:22:26 placeless-MS-7A72 kernel: usb 1-1: New USB device strings: Mfr=1, Product=2, SerialNumber=3
10月 03 02:22:26 placeless-MS-7A72 kernel: usb 1-1: Product: Fastboot2.0
10月 03 02:22:26 placeless-MS-7A72 kernel: usb 1-1: Manufacturer: Fastbo
10月 03 02:22:26 placeless-MS-7A72 kernel: usb 1-1: SerialNumber: SCV7N18927000473
10月 03 02:22:28 placeless-MS-7A72 kernel: usb 1-1: USB disconnect, device number 122
10月 03 02:22:21 placeless-MS-7A72 kernel: usb 1-1: USB disconnect, device number 121
10月 03 02:22:26 placeless-MS-7A72 kernel: usb 1-1: new high-speed USB device number 122 using xhci_hcd
10月 03 02:22:26 placeless-MS-7A72 kernel: usb 1-1: New USB device found, idVendor=18d1, idProduct=d00d, bcdDevice= 1.00
10月 03 02:22:26 placeless-MS-7A72 kernel: usb 1-1: New USB device strings: Mfr=1, Product=2, SerialNumber=3
10月 03 02:22:26 placeless-MS-7A72 kernel: usb 1-1: Product: Fastboot2.0
10月 03 02:22:26 placeless-MS-7A72 kernel: usb 1-1: Manufacturer: Fastbo
10月 03 02:22:26 placeless-MS-7A72 kernel: usb 1-1: SerialNumber: SCV7N18927000473
10月 03 02:22:28 placeless-MS-7A72 kernel: usb 1-1: USB disconnect, device number 122
10月 03 02:22:26 placeless-MS-7A72 kernel: usb 1-1: new high-speed USB device number 122 using xhci_hcd
10月 03 02:22:26 placeless-MS-7A72 kernel: usb 1-1: New USB device found, idVendor=18d1, idProduct=d00d, bcdDevice= 1.00
10月 03 02:22:26 placeless-MS-7A72 kernel: usb 1-1: New USB device strings: Mfr=1, Product=2, SerialNumber=3
10月 03 02:22:26 placeless-MS-7A72 kernel: usb 1-1: Product: Fastboot2.0
10月 03 02:22:26 placeless-MS-7A72 kernel: usb 1-1: Manufacturer: Fastbo
10月 03 02:22:26 placeless-MS-7A72 kernel: usb 1-1: SerialNumber: SCV7N18927000473
10月 03 02:22:28 placeless-MS-7A72 kernel: usb 1-1: USB disconnect, device number 122
10月 03 02:22:28 placeless-MS-7A72 kernel: usb 1-1: USB disconnect, device number 122
10月 03 02:25:03 placeless-MS-7A72 kernel: usb 1-1: new high-speed USB device number 123 using xhci_hcd
10月 03 02:25:03 placeless-MS-7A72 kernel: usb 1-1: New USB device found, idVendor=12d1, idProduct=107e, bcdDevice= 2.99
10月 03 02:25:03 placeless-MS-7A72 kernel: usb 1-1: New USB device strings: Mfr=1, Product=2, SerialNumber=3
10月 03 02:25:03 placeless-MS-7A72 kernel: usb 1-1: Product: HUAWEI
10月 03 02:25:03 placeless-MS-7A72 kernel: usb 1-1: Manufacturer: unknown
10月 03 02:25:03 placeless-MS-7A72 kernel: usb 1-1: SerialNumber: SCV7N18927000473
10月 03 02:25:03 placeless-MS-7A72 kernel: usb 1-1: new high-speed USB device number 123 using xhci_hcd
10月 03 02:25:03 placeless-MS-7A72 kernel: usb 1-1: New USB device found, idVendor=12d1, idProduct=107e, bcdDevice= 2.99
10月 03 02:25:03 placeless-MS-7A72 kernel: usb 1-1: New USB device strings: Mfr=1, Product=2, SerialNumber=3
10月 03 02:25:03 placeless-MS-7A72 kernel: usb 1-1: Product: HUAWEI
10月 03 02:25:03 placeless-MS-7A72 kernel: usb 1-1: Manufacturer: unknown
10月 03 02:25:03 placeless-MS-7A72 kernel: usb 1-1: SerialNumber: SCV7N18927000473
10月 03 02:25:03 placeless-MS-7A72 kernel: usb 1-1: new high-speed USB device number 123 using xhci_hcd
10月 03 02:25:03 placeless-MS-7A72 kernel: usb 1-1: New USB device found, idVendor=12d1, idProduct=107e, bcdDevice= 2.99
10月 03 02:25:03 placeless-MS-7A72 kernel: usb 1-1: New USB device strings: Mfr=1, Product=2, SerialNumber=3
10月 03 02:25:03 placeless-MS-7A72 kernel: usb 1-1: Product: HUAWEI
10月 03 02:25:03 placeless-MS-7A72 kernel: usb 1-1: Manufacturer: unknown
10月 03 02:25:03 placeless-MS-7A72 kernel: usb 1-1: SerialNumber: SCV7N18927000473
10月 03 02:25:03 placeless-MS-7A72 kernel: usb 1-1: new high-speed USB device number 123 using xhci_hcd
10月 03 02:25:03 placeless-MS-7A72 kernel: usb 1-1: New USB device found, idVendor=12d1, idProduct=107e, bcdDevice= 2.99
10月 03 02:25:03 placeless-MS-7A72 kernel: usb 1-1: New USB device strings: Mfr=1, Product=2, SerialNumber=3
10月 03 02:25:03 placeless-MS-7A72 kernel: usb 1-1: Product: HUAWEI
10月 03 02:25:03 placeless-MS-7A72 kernel: usb 1-1: Manufacturer: unknown
10月 03 02:25:03 placeless-MS-7A72 kernel: usb 1-1: SerialNumber: SCV7N18927000473
10月 03 02:25:03 placeless-MS-7A72 kernel: usb 1-1: new high-speed USB device number 123 using xhci_hcd
10月 03 02:25:03 placeless-MS-7A72 kernel: usb 1-1: New USB device found, idVendor=12d1, idProduct=107e, bcdDevice= 2.99
10月 03 02:25:03 placeless-MS-7A72 kernel: usb 1-1: New USB device strings: Mfr=1, Product=2, SerialNumber=3
10月 03 02:25:03 placeless-MS-7A72 kernel: usb 1-1: Product: HUAWEI
10月 03 02:25:03 placeless-MS-7A72 kernel: usb 1-1: Manufacturer: unknown
10月 03 02:25:03 placeless-MS-7A72 kernel: usb 1-1: SerialNumber: SCV7N18927000473
10月 03 02:25:03 placeless-MS-7A72 kernel: usb 1-1: new high-speed USB device number 123 using xhci_hcd
10月 03 02:25:03 placeless-MS-7A72 kernel: usb 1-1: New USB device found, idVendor=12d1, idProduct=107e, bcdDevice= 2.99
10月 03 02:25:03 placeless-MS-7A72 kernel: usb 1-1: New USB device strings: Mfr=1, Product=2, SerialNumber=3
10月 03 02:25:03 placeless-MS-7A72 kernel: usb 1-1: Product: HUAWEI
10月 03 02:25:03 placeless-MS-7A72 kernel: usb 1-1: Manufacturer: unknown
10月 03 02:25:03 placeless-MS-7A72 kernel: usb 1-1: SerialNumber: SCV7N18927000473
10月 03 02:25:03 placeless-MS-7A72 kernel: usb 1-1: new high-speed USB device number 123 using xhci_hcd
10月 03 02:25:03 placeless-MS-7A72 kernel: usb 1-1: New USB device found, idVendor=12d1, idProduct=107e, bcdDevice= 2.99
10月 03 02:25:03 placeless-MS-7A72 kernel: usb 1-1: New USB device strings: Mfr=1, Product=2, SerialNumber=3
10月 03 02:25:03 placeless-MS-7A72 kernel: usb 1-1: Product: HUAWEI
10月 03 02:25:03 placeless-MS-7A72 kernel: usb 1-1: Manufacturer: unknown
10月 03 02:25:03 placeless-MS-7A72 kernel: usb 1-1: SerialNumber: SCV7N18927000473
10月 03 02:25:03 placeless-MS-7A72 kernel: usb 1-1: new high-speed USB device number 123 using xhci_hcd
10月 03 02:25:03 placeless-MS-7A72 kernel: usb 1-1: New USB device found, idVendor=12d1, idProduct=107e, bcdDevice= 2.99
10月 03 02:25:03 placeless-MS-7A72 kernel: usb 1-1: New USB device strings: Mfr=1, Product=2, SerialNumber=3
10月 03 02:25:03 placeless-MS-7A72 kernel: usb 1-1: Product: HUAWEI
10月 03 02:25:03 placeless-MS-7A72 kernel: usb 1-1: Manufacturer: unknown
10月 03 02:25:03 placeless-MS-7A72 kernel: usb 1-1: SerialNumber: SCV7N18927000473
10月 03 02:34:53 placeless-MS-7A72 kernel: usb 1-1: USB disconnect, device number 123
10月 03 02:34:53 placeless-MS-7A72 kernel: usb 1-1: USB disconnect, device number 123
10月 03 02:34:57 placeless-MS-7A72 kernel: usb 1-1: new high-speed USB device number 124 using xhci_hcd
10月 03 02:34:57 placeless-MS-7A72 kernel: usb 1-1: New USB device found, idVendor=18d1, idProduct=d00d, bcdDevice= 1.00
10月 03 02:34:57 placeless-MS-7A72 kernel: usb 1-1: New USB device strings: Mfr=1, Product=2, SerialNumber=3
10月 03 02:34:57 placeless-MS-7A72 kernel: usb 1-1: Product: Fastboot2.0
10月 03 02:34:57 placeless-MS-7A72 kernel: usb 1-1: Manufacturer: Fastbo
10月 03 02:34:57 placeless-MS-7A72 kernel: usb 1-1: SerialNumber: SCV7N18927000473
10月 03 02:41:19 placeless-MS-7A72 kernel: usb 1-1: new high-speed USB device number 127 using xhci_hcd
10月 03 02:41:19 placeless-MS-7A72 kernel: usb 1-1: New USB device found, idVendor=12d1, idProduct=107e, bcdDevice= 2.99
10月 03 02:41:19 placeless-MS-7A72 kernel: usb 1-1: New USB device strings: Mfr=1, Product=2, SerialNumber=3
10月 03 02:41:19 placeless-MS-7A72 kernel: usb 1-1: Product: HUAWEI
10月 03 02:41:19 placeless-MS-7A72 kernel: usb 1-1: Manufacturer: unknown
10月 03 02:41:19 placeless-MS-7A72 kernel: usb 1-1: SerialNumber: SCV7N18927000473
10月 03 02:41:19 placeless-MS-7A72 kernel: usb 1-1: new high-speed USB device number 127 using xhci_hcd
10月 03 02:41:19 placeless-MS-7A72 kernel: usb 1-1: New USB device found, idVendor=12d1, idProduct=107e, bcdDevice= 2.99
10月 03 02:41:19 placeless-MS-7A72 kernel: usb 1-1: New USB device strings: Mfr=1, Product=2, SerialNumber=3
10月 03 02:41:19 placeless-MS-7A72 kernel: usb 1-1: Product: HUAWEI
10月 03 02:41:19 placeless-MS-7A72 kernel: usb 1-1: Manufacturer: unknown
10月 03 02:41:19 placeless-MS-7A72 kernel: usb 1-1: SerialNumber: SCV7N18927000473
10月 03 02:41:19 placeless-MS-7A72 kernel: usb 1-1: new high-speed USB device number 127 using xhci_hcd
10月 03 02:41:19 placeless-MS-7A72 kernel: usb 1-1: New USB device found, idVendor=12d1, idProduct=107e, bcdDevice= 2.99
10月 03 02:41:19 placeless-MS-7A72 kernel: usb 1-1: New USB device strings: Mfr=1, Product=2, SerialNumber=3
10月 03 02:41:19 placeless-MS-7A72 kernel: usb 1-1: Product: HUAWEI
10月 03 02:41:19 placeless-MS-7A72 kernel: usb 1-1: Manufacturer: unknown
10月 03 02:41:19 placeless-MS-7A72 kernel: usb 1-1: SerialNumber: SCV7N18927000473
10月 03 02:41:19 placeless-MS-7A72 kernel: usb 1-1: new high-speed USB device number 127 using xhci_hcd
10月 03 02:41:19 placeless-MS-7A72 kernel: usb 1-1: New USB device found, idVendor=12d1, idProduct=107e, bcdDevice= 2.99
10月 03 02:41:19 placeless-MS-7A72 kernel: usb 1-1: New USB device strings: Mfr=1, Product=2, SerialNumber=3
10月 03 02:41:19 placeless-MS-7A72 kernel: usb 1-1: Product: HUAWEI
10月 03 02:41:19 placeless-MS-7A72 kernel: usb 1-1: Manufacturer: unknown
10月 03 02:41:19 placeless-MS-7A72 kernel: usb 1-1: SerialNumber: SCV7N18927000473
10月 03 02:41:19 placeless-MS-7A72 kernel: usb 1-1: new high-speed USB device number 127 using xhci_hcd
10月 03 02:41:19 placeless-MS-7A72 kernel: usb 1-1: New USB device found, idVendor=12d1, idProduct=107e, bcdDevice= 2.99
10月 03 02:41:19 placeless-MS-7A72 kernel: usb 1-1: New USB device strings: Mfr=1, Product=2, SerialNumber=3
10月 03 02:41:19 placeless-MS-7A72 kernel: usb 1-1: Product: HUAWEI
10月 03 02:41:19 placeless-MS-7A72 kernel: usb 1-1: Manufacturer: unknown
10月 03 02:41:19 placeless-MS-7A72 kernel: usb 1-1: SerialNumber: SCV7N18927000473
10月 03 02:41:19 placeless-MS-7A72 kernel: usb 1-1: new high-speed USB device number 127 using xhci_hcd
10月 03 02:41:19 placeless-MS-7A72 kernel: usb 1-1: New USB device found, idVendor=12d1, idProduct=107e, bcdDevice= 2.99
10月 03 02:41:19 placeless-MS-7A72 kernel: usb 1-1: New USB device strings: Mfr=1, Product=2, SerialNumber=3
10月 03 02:41:19 placeless-MS-7A72 kernel: usb 1-1: Product: HUAWEI
10月 03 02:41:19 placeless-MS-7A72 kernel: usb 1-1: Manufacturer: unknown
10月 03 02:41:19 placeless-MS-7A72 kernel: usb 1-1: SerialNumber: SCV7N18927000473
10月 03 02:41:19 placeless-MS-7A72 kernel: usb 1-1: new high-speed USB device number 127 using xhci_hcd
10月 03 02:41:19 placeless-MS-7A72 kernel: usb 1-1: New USB device found, idVendor=12d1, idProduct=107e, bcdDevice= 2.99
10月 03 02:41:19 placeless-MS-7A72 kernel: usb 1-1: New USB device strings: Mfr=1, Product=2, SerialNumber=3
10月 03 02:41:19 placeless-MS-7A72 kernel: usb 1-1: Product: HUAWEI
10月 03 02:41:19 placeless-MS-7A72 kernel: usb 1-1: Manufacturer: unknown
10月 03 02:41:19 placeless-MS-7A72 kernel: usb 1-1: SerialNumber: SCV7N18927000473
10月 03 02:41:58 placeless-MS-7A72 kernel: usb 1-1: USB disconnect, device number 127
10月 03 02:41:58 placeless-MS-7A72 kernel: usb 1-1: USB disconnect, device number 127
10月 03 02:42:02 placeless-MS-7A72 kernel: usb 1-1: new high-speed USB device number 2 using xhci_hcd
10月 03 02:42:02 placeless-MS-7A72 kernel: usb 1-1: New USB device found, idVendor=18d1, idProduct=d00d, bcdDevice= 1.00
10月 03 02:42:02 placeless-MS-7A72 kernel: usb 1-1: New USB device strings: Mfr=1, Product=2, SerialNumber=3
10月 03 02:42:02 placeless-MS-7A72 kernel: usb 1-1: Product: Fastboot2.0
10月 03 02:42:02 placeless-MS-7A72 kernel: usb 1-1: Manufacturer: Fastbo
10月 03 02:42:02 placeless-MS-7A72 kernel: usb 1-1: SerialNumber: SCV7N18927000473
10月 03 02:48:41 placeless-MS-7A72 kernel: usb 1-1: new high-speed USB device number 8 using xhci_hcd
10月 03 02:48:42 placeless-MS-7A72 kernel: usb 1-1: New USB device found, idVendor=12d1, idProduct=107e, bcdDevice= 2.99
10月 03 02:48:42 placeless-MS-7A72 kernel: usb 1-1: New USB device strings: Mfr=1, Product=2, SerialNumber=3
10月 03 02:48:42 placeless-MS-7A72 kernel: usb 1-1: Product: HUAWEI
10月 03 02:48:42 placeless-MS-7A72 kernel: usb 1-1: Manufacturer: unknown
10月 03 02:48:42 placeless-MS-7A72 kernel: usb 1-1: SerialNumber: SCV7N18927000473
10月 03 02:48:41 placeless-MS-7A72 kernel: usb 1-1: new high-speed USB device number 8 using xhci_hcd
10月 03 02:48:42 placeless-MS-7A72 kernel: usb 1-1: New USB device found, idVendor=12d1, idProduct=107e, bcdDevice= 2.99
10月 03 02:48:42 placeless-MS-7A72 kernel: usb 1-1: New USB device strings: Mfr=1, Product=2, SerialNumber=3
10月 03 02:48:42 placeless-MS-7A72 kernel: usb 1-1: Product: HUAWEI
10月 03 02:48:42 placeless-MS-7A72 kernel: usb 1-1: Manufacturer: unknown
10月 03 02:48:42 placeless-MS-7A72 kernel: usb 1-1: SerialNumber: SCV7N18927000473
10月 03 02:48:41 placeless-MS-7A72 kernel: usb 1-1: new high-speed USB device number 8 using xhci_hcd
10月 03 02:48:42 placeless-MS-7A72 kernel: usb 1-1: New USB device found, idVendor=12d1, idProduct=107e, bcdDevice= 2.99
10月 03 02:48:42 placeless-MS-7A72 kernel: usb 1-1: New USB device strings: Mfr=1, Product=2, SerialNumber=3
10月 03 02:48:42 placeless-MS-7A72 kernel: usb 1-1: Product: HUAWEI
10月 03 02:48:42 placeless-MS-7A72 kernel: usb 1-1: Manufacturer: unknown
10月 03 02:48:42 placeless-MS-7A72 kernel: usb 1-1: SerialNumber: SCV7N18927000473
10月 03 02:48:41 placeless-MS-7A72 kernel: usb 1-1: new high-speed USB device number 8 using xhci_hcd
10月 03 02:48:42 placeless-MS-7A72 kernel: usb 1-1: New USB device found, idVendor=12d1, idProduct=107e, bcdDevice= 2.99
10月 03 02:48:42 placeless-MS-7A72 kernel: usb 1-1: New USB device strings: Mfr=1, Product=2, SerialNumber=3
10月 03 02:48:42 placeless-MS-7A72 kernel: usb 1-1: Product: HUAWEI
10月 03 02:48:42 placeless-MS-7A72 kernel: usb 1-1: Manufacturer: unknown
10月 03 02:48:42 placeless-MS-7A72 kernel: usb 1-1: SerialNumber: SCV7N18927000473
10月 03 02:48:41 placeless-MS-7A72 kernel: usb 1-1: new high-speed USB device number 8 using xhci_hcd
10月 03 02:48:42 placeless-MS-7A72 kernel: usb 1-1: New USB device found, idVendor=12d1, idProduct=107e, bcdDevice= 2.99
10月 03 02:48:42 placeless-MS-7A72 kernel: usb 1-1: New USB device strings: Mfr=1, Product=2, SerialNumber=3
10月 03 02:48:42 placeless-MS-7A72 kernel: usb 1-1: Product: HUAWEI
10月 03 02:48:42 placeless-MS-7A72 kernel: usb 1-1: Manufacturer: unknown
10月 03 02:48:42 placeless-MS-7A72 kernel: usb 1-1: SerialNumber: SCV7N18927000473
10月 03 02:48:57 placeless-MS-7A72 kernel: usb 1-1: USB disconnect, device number 8
10月 03 02:48:41 placeless-MS-7A72 kernel: usb 1-1: new high-speed USB device number 8 using xhci_hcd
10月 03 02:48:42 placeless-MS-7A72 kernel: usb 1-1: New USB device found, idVendor=12d1, idProduct=107e, bcdDevice= 2.99
10月 03 02:48:42 placeless-MS-7A72 kernel: usb 1-1: New USB device strings: Mfr=1, Product=2, SerialNumber=3
10月 03 02:48:42 placeless-MS-7A72 kernel: usb 1-1: Product: HUAWEI
10月 03 02:48:42 placeless-MS-7A72 kernel: usb 1-1: Manufacturer: unknown
10月 03 02:48:42 placeless-MS-7A72 kernel: usb 1-1: SerialNumber: SCV7N18927000473
10月 03 02:48:57 placeless-MS-7A72 kernel: usb 1-1: USB disconnect, device number 8
10月 03 02:49:01 placeless-MS-7A72 kernel: usb 1-1: new high-speed USB device number 9 using xhci_hcd
10月 03 02:49:01 placeless-MS-7A72 kernel: usb 1-1: New USB device found, idVendor=18d1, idProduct=d00d, bcdDevice= 1.00
10月 03 02:49:01 placeless-MS-7A72 kernel: usb 1-1: New USB device strings: Mfr=1, Product=2, SerialNumber=3
10月 03 02:49:01 placeless-MS-7A72 kernel: usb 1-1: Product: Fastboot2.0
10月 03 02:49:01 placeless-MS-7A72 kernel: usb 1-1: Manufacturer: Fastbo
10月 03 02:49:01 placeless-MS-7A72 kernel: usb 1-1: SerialNumber: SCV7N18927000473
10月 03 02:49:04 placeless-MS-7A72 kernel: usb 1-1: USB disconnect, device number 9
10月 03 02:48:41 placeless-MS-7A72 kernel: usb 1-1: new high-speed USB device number 8 using xhci_hcd
10月 03 02:48:42 placeless-MS-7A72 kernel: usb 1-1: New USB device found, idVendor=12d1, idProduct=107e, bcdDevice= 2.99
10月 03 02:48:42 placeless-MS-7A72 kernel: usb 1-1: New USB device strings: Mfr=1, Product=2, SerialNumber=3
10月 03 02:48:42 placeless-MS-7A72 kernel: usb 1-1: Product: HUAWEI
10月 03 02:48:42 placeless-MS-7A72 kernel: usb 1-1: Manufacturer: unknown
10月 03 02:48:42 placeless-MS-7A72 kernel: usb 1-1: SerialNumber: SCV7N18927000473
10月 03 02:48:57 placeless-MS-7A72 kernel: usb 1-1: USB disconnect, device number 8
10月 03 02:49:01 placeless-MS-7A72 kernel: usb 1-1: new high-speed USB device number 9 using xhci_hcd
10月 03 02:49:01 placeless-MS-7A72 kernel: usb 1-1: New USB device found, idVendor=18d1, idProduct=d00d, bcdDevice= 1.00
10月 03 02:49:01 placeless-MS-7A72 kernel: usb 1-1: New USB device strings: Mfr=1, Product=2, SerialNumber=3
10月 03 02:49:01 placeless-MS-7A72 kernel: usb 1-1: Product: Fastboot2.0
10月 03 02:49:01 placeless-MS-7A72 kernel: usb 1-1: Manufacturer: Fastbo
10月 03 02:49:01 placeless-MS-7A72 kernel: usb 1-1: SerialNumber: SCV7N18927000473
10月 03 02:49:04 placeless-MS-7A72 kernel: usb 1-1: USB disconnect, device number 9
10月 03 02:48:57 placeless-MS-7A72 kernel: usb 1-1: USB disconnect, device number 8
10月 03 02:49:01 placeless-MS-7A72 kernel: usb 1-1: new high-speed USB device number 9 using xhci_hcd
10月 03 02:49:01 placeless-MS-7A72 kernel: usb 1-1: New USB device found, idVendor=18d1, idProduct=d00d, bcdDevice= 1.00
10月 03 02:49:01 placeless-MS-7A72 kernel: usb 1-1: New USB device strings: Mfr=1, Product=2, SerialNumber=3
10月 03 02:49:01 placeless-MS-7A72 kernel: usb 1-1: Product: Fastboot2.0
10月 03 02:49:01 placeless-MS-7A72 kernel: usb 1-1: Manufacturer: Fastbo
10月 03 02:49:01 placeless-MS-7A72 kernel: usb 1-1: SerialNumber: SCV7N18927000473
10月 03 02:49:04 placeless-MS-7A72 kernel: usb 1-1: USB disconnect, device number 9
10月 03 02:48:57 placeless-MS-7A72 kernel: usb 1-1: USB disconnect, device number 8
10月 03 02:49:01 placeless-MS-7A72 kernel: usb 1-1: new high-speed USB device number 9 using xhci_hcd
10月 03 02:49:01 placeless-MS-7A72 kernel: usb 1-1: New USB device found, idVendor=18d1, idProduct=d00d, bcdDevice= 1.00
10月 03 02:49:01 placeless-MS-7A72 kernel: usb 1-1: New USB device strings: Mfr=1, Product=2, SerialNumber=3
10月 03 02:49:01 placeless-MS-7A72 kernel: usb 1-1: Product: Fastboot2.0
10月 03 02:49:01 placeless-MS-7A72 kernel: usb 1-1: Manufacturer: Fastbo
10月 03 02:49:01 placeless-MS-7A72 kernel: usb 1-1: SerialNumber: SCV7N18927000473
10月 03 02:49:04 placeless-MS-7A72 kernel: usb 1-1: USB disconnect, device number 9
10月 03 02:48:57 placeless-MS-7A72 kernel: usb 1-1: USB disconnect, device number 8
10月 03 02:49:01 placeless-MS-7A72 kernel: usb 1-1: new high-speed USB device number 9 using xhci_hcd
10月 03 02:49:01 placeless-MS-7A72 kernel: usb 1-1: New USB device found, idVendor=18d1, idProduct=d00d, bcdDevice= 1.00
10月 03 02:49:01 placeless-MS-7A72 kernel: usb 1-1: New USB device strings: Mfr=1, Product=2, SerialNumber=3
10月 03 02:49:01 placeless-MS-7A72 kernel: usb 1-1: Product: Fastboot2.0
10月 03 02:49:01 placeless-MS-7A72 kernel: usb 1-1: Manufacturer: Fastbo
10月 03 02:49:01 placeless-MS-7A72 kernel: usb 1-1: SerialNumber: SCV7N18927000473
10月 03 02:49:04 placeless-MS-7A72 kernel: usb 1-1: USB disconnect, device number 9
10月 03 02:48:57 placeless-MS-7A72 kernel: usb 1-1: USB disconnect, device number 8
10月 03 02:49:01 placeless-MS-7A72 kernel: usb 1-1: new high-speed USB device number 9 using xhci_hcd
10月 03 02:49:01 placeless-MS-7A72 kernel: usb 1-1: New USB device found, idVendor=18d1, idProduct=d00d, bcdDevice= 1.00
10月 03 02:49:01 placeless-MS-7A72 kernel: usb 1-1: New USB device strings: Mfr=1, Product=2, SerialNumber=3
10月 03 02:49:01 placeless-MS-7A72 kernel: usb 1-1: Product: Fastboot2.0
10月 03 02:49:01 placeless-MS-7A72 kernel: usb 1-1: Manufacturer: Fastbo
10月 03 02:49:01 placeless-MS-7A72 kernel: usb 1-1: SerialNumber: SCV7N18927000473
10月 03 02:49:04 placeless-MS-7A72 kernel: usb 1-1: USB disconnect, device number 9
10月 03 02:49:01 placeless-MS-7A72 kernel: usb 1-1: new high-speed USB device number 9 using xhci_hcd
10月 03 02:49:01 placeless-MS-7A72 kernel: usb 1-1: New USB device found, idVendor=18d1, idProduct=d00d, bcdDevice= 1.00
10月 03 02:49:01 placeless-MS-7A72 kernel: usb 1-1: New USB device strings: Mfr=1, Product=2, SerialNumber=3
10月 03 02:49:01 placeless-MS-7A72 kernel: usb 1-1: Product: Fastboot2.0
10月 03 02:49:01 placeless-MS-7A72 kernel: usb 1-1: Manufacturer: Fastbo
10月 03 02:49:01 placeless-MS-7A72 kernel: usb 1-1: SerialNumber: SCV7N18927000473
10月 03 02:49:04 placeless-MS-7A72 kernel: usb 1-1: USB disconnect, device number 9
10月 03 02:49:04 placeless-MS-7A72 kernel: usb 1-1: USB disconnect, device number 9
10月 03 02:51:38 placeless-MS-7A72 kernel: usb 1-1: new high-speed USB device number 10 using xhci_hcd
10月 03 02:51:38 placeless-MS-7A72 kernel: usb 1-1: New USB device found, idVendor=12d1, idProduct=107e, bcdDevice= 2.99
10月 03 02:51:38 placeless-MS-7A72 kernel: usb 1-1: New USB device strings: Mfr=1, Product=2, SerialNumber=3
10月 03 02:51:38 placeless-MS-7A72 kernel: usb 1-1: Product: HUAWEI
10月 03 02:51:38 placeless-MS-7A72 kernel: usb 1-1: Manufacturer: unknown
10月 03 02:51:38 placeless-MS-7A72 kernel: usb 1-1: SerialNumber: SCV7N18927000473
10月 03 02:51:38 placeless-MS-7A72 kernel: usb 1-1: new high-speed USB device number 10 using xhci_hcd
10月 03 02:51:38 placeless-MS-7A72 kernel: usb 1-1: New USB device found, idVendor=12d1, idProduct=107e, bcdDevice= 2.99
10月 03 02:51:38 placeless-MS-7A72 kernel: usb 1-1: New USB device strings: Mfr=1, Product=2, SerialNumber=3
10月 03 02:51:38 placeless-MS-7A72 kernel: usb 1-1: Product: HUAWEI
10月 03 02:51:38 placeless-MS-7A72 kernel: usb 1-1: Manufacturer: unknown
10月 03 02:51:38 placeless-MS-7A72 kernel: usb 1-1: SerialNumber: SCV7N18927000473
10月 03 02:51:38 placeless-MS-7A72 kernel: usb 1-1: new high-speed USB device number 10 using xhci_hcd
10月 03 02:51:38 placeless-MS-7A72 kernel: usb 1-1: New USB device found, idVendor=12d1, idProduct=107e, bcdDevice= 2.99
10月 03 02:51:38 placeless-MS-7A72 kernel: usb 1-1: New USB device strings: Mfr=1, Product=2, SerialNumber=3
10月 03 02:51:38 placeless-MS-7A72 kernel: usb 1-1: Product: HUAWEI
10月 03 02:51:38 placeless-MS-7A72 kernel: usb 1-1: Manufacturer: unknown
10月 03 02:51:38 placeless-MS-7A72 kernel: usb 1-1: SerialNumber: SCV7N18927000473
10月 03 02:51:38 placeless-MS-7A72 kernel: usb 1-1: new high-speed USB device number 10 using xhci_hcd
10月 03 02:51:38 placeless-MS-7A72 kernel: usb 1-1: New USB device found, idVendor=12d1, idProduct=107e, bcdDevice= 2.99
10月 03 02:51:38 placeless-MS-7A72 kernel: usb 1-1: New USB device strings: Mfr=1, Product=2, SerialNumber=3
10月 03 02:51:38 placeless-MS-7A72 kernel: usb 1-1: Product: HUAWEI
10月 03 02:51:38 placeless-MS-7A72 kernel: usb 1-1: Manufacturer: unknown
10月 03 02:51:38 placeless-MS-7A72 kernel: usb 1-1: SerialNumber: SCV7N18927000473
10月 03 02:51:38 placeless-MS-7A72 kernel: usb 1-1: new high-speed USB device number 10 using xhci_hcd
10月 03 02:51:38 placeless-MS-7A72 kernel: usb 1-1: New USB device found, idVendor=12d1, idProduct=107e, bcdDevice= 2.99
10月 03 02:51:38 placeless-MS-7A72 kernel: usb 1-1: New USB device strings: Mfr=1, Product=2, SerialNumber=3
10月 03 02:51:38 placeless-MS-7A72 kernel: usb 1-1: Product: HUAWEI
10月 03 02:51:38 placeless-MS-7A72 kernel: usb 1-1: Manufacturer: unknown
10月 03 02:51:38 placeless-MS-7A72 kernel: usb 1-1: SerialNumber: SCV7N18927000473
10月 03 02:51:53 placeless-MS-7A72 kernel: usb 1-1: USB disconnect, device number 10
10月 03 02:51:38 placeless-MS-7A72 kernel: usb 1-1: new high-speed USB device number 10 using xhci_hcd
10月 03 02:51:38 placeless-MS-7A72 kernel: usb 1-1: New USB device found, idVendor=12d1, idProduct=107e, bcdDevice= 2.99
10月 03 02:51:38 placeless-MS-7A72 kernel: usb 1-1: New USB device strings: Mfr=1, Product=2, SerialNumber=3
10月 03 02:51:38 placeless-MS-7A72 kernel: usb 1-1: Product: HUAWEI
10月 03 02:51:38 placeless-MS-7A72 kernel: usb 1-1: Manufacturer: unknown
10月 03 02:51:38 placeless-MS-7A72 kernel: usb 1-1: SerialNumber: SCV7N18927000473
10月 03 02:51:53 placeless-MS-7A72 kernel: usb 1-1: USB disconnect, device number 10
10月 03 02:51:57 placeless-MS-7A72 kernel: usb 1-1: new high-speed USB device number 11 using xhci_hcd
10月 03 02:51:57 placeless-MS-7A72 kernel: usb 1-1: New USB device found, idVendor=18d1, idProduct=d00d, bcdDevice= 1.00
10月 03 02:51:57 placeless-MS-7A72 kernel: usb 1-1: New USB device strings: Mfr=1, Product=2, SerialNumber=3
10月 03 02:51:57 placeless-MS-7A72 kernel: usb 1-1: Product: Fastboot2.0
10月 03 02:51:57 placeless-MS-7A72 kernel: usb 1-1: Manufacturer: Fastbo
10月 03 02:51:57 placeless-MS-7A72 kernel: usb 1-1: SerialNumber: SCV7N18927000473
10月 03 02:52:00 placeless-MS-7A72 kernel: usb 1-1: USB disconnect, device number 11
10月 03 02:51:38 placeless-MS-7A72 kernel: usb 1-1: new high-speed USB device number 10 using xhci_hcd
10月 03 02:51:38 placeless-MS-7A72 kernel: usb 1-1: New USB device found, idVendor=12d1, idProduct=107e, bcdDevice= 2.99
10月 03 02:51:38 placeless-MS-7A72 kernel: usb 1-1: New USB device strings: Mfr=1, Product=2, SerialNumber=3
10月 03 02:51:38 placeless-MS-7A72 kernel: usb 1-1: Product: HUAWEI
10月 03 02:51:38 placeless-MS-7A72 kernel: usb 1-1: Manufacturer: unknown
10月 03 02:51:38 placeless-MS-7A72 kernel: usb 1-1: SerialNumber: SCV7N18927000473
10月 03 02:51:53 placeless-MS-7A72 kernel: usb 1-1: USB disconnect, device number 10
10月 03 02:51:57 placeless-MS-7A72 kernel: usb 1-1: new high-speed USB device number 11 using xhci_hcd
10月 03 02:51:57 placeless-MS-7A72 kernel: usb 1-1: New USB device found, idVendor=18d1, idProduct=d00d, bcdDevice= 1.00
10月 03 02:51:57 placeless-MS-7A72 kernel: usb 1-1: New USB device strings: Mfr=1, Product=2, SerialNumber=3
10月 03 02:51:57 placeless-MS-7A72 kernel: usb 1-1: Product: Fastboot2.0
10月 03 02:51:57 placeless-MS-7A72 kernel: usb 1-1: Manufacturer: Fastbo
10月 03 02:51:57 placeless-MS-7A72 kernel: usb 1-1: SerialNumber: SCV7N18927000473
10月 03 02:52:00 placeless-MS-7A72 kernel: usb 1-1: USB disconnect, device number 11
10月 03 02:51:38 placeless-MS-7A72 kernel: usb 1-1: New USB device found, idVendor=12d1, idProduct=107e, bcdDevice= 2.99
10月 03 02:51:38 placeless-MS-7A72 kernel: usb 1-1: New USB device strings: Mfr=1, Product=2, SerialNumber=3
10月 03 02:51:38 placeless-MS-7A72 kernel: usb 1-1: Product: HUAWEI
10月 03 02:51:38 placeless-MS-7A72 kernel: usb 1-1: Manufacturer: unknown
10月 03 02:51:38 placeless-MS-7A72 kernel: usb 1-1: SerialNumber: SCV7N18927000473
10月 03 02:51:53 placeless-MS-7A72 kernel: usb 1-1: USB disconnect, device number 10
10月 03 02:51:57 placeless-MS-7A72 kernel: usb 1-1: new high-speed USB device number 11 using xhci_hcd
10月 03 02:51:57 placeless-MS-7A72 kernel: usb 1-1: New USB device found, idVendor=18d1, idProduct=d00d, bcdDevice= 1.00
10月 03 02:51:57 placeless-MS-7A72 kernel: usb 1-1: New USB device strings: Mfr=1, Product=2, SerialNumber=3
10月 03 02:51:57 placeless-MS-7A72 kernel: usb 1-1: Product: Fastboot2.0
10月 03 02:51:57 placeless-MS-7A72 kernel: usb 1-1: Manufacturer: Fastbo
10月 03 02:51:57 placeless-MS-7A72 kernel: usb 1-1: SerialNumber: SCV7N18927000473
10月 03 02:52:00 placeless-MS-7A72 kernel: usb 1-1: USB disconnect, device number 11
10月 03 02:51:53 placeless-MS-7A72 kernel: usb 1-1: USB disconnect, device number 10
10月 03 02:51:57 placeless-MS-7A72 kernel: usb 1-1: new high-speed USB device number 11 using xhci_hcd
10月 03 02:51:57 placeless-MS-7A72 kernel: usb 1-1: New USB device found, idVendor=18d1, idProduct=d00d, bcdDevice= 1.00
10月 03 02:51:57 placeless-MS-7A72 kernel: usb 1-1: New USB device strings: Mfr=1, Product=2, SerialNumber=3
10月 03 02:51:57 placeless-MS-7A72 kernel: usb 1-1: Product: Fastboot2.0
10月 03 02:51:57 placeless-MS-7A72 kernel: usb 1-1: Manufacturer: Fastbo
10月 03 02:51:57 placeless-MS-7A72 kernel: usb 1-1: SerialNumber: SCV7N18927000473
10月 03 02:52:00 placeless-MS-7A72 kernel: usb 1-1: USB disconnect, device number 11
10月 03 02:51:53 placeless-MS-7A72 kernel: usb 1-1: USB disconnect, device number 10
10月 03 02:51:57 placeless-MS-7A72 kernel: usb 1-1: new high-speed USB device number 11 using xhci_hcd
10月 03 02:51:57 placeless-MS-7A72 kernel: usb 1-1: New USB device found, idVendor=18d1, idProduct=d00d, bcdDevice= 1.00
10月 03 02:51:57 placeless-MS-7A72 kernel: usb 1-1: New USB device strings: Mfr=1, Product=2, SerialNumber=3
10月 03 02:51:57 placeless-MS-7A72 kernel: usb 1-1: Product: Fastboot2.0
10月 03 02:51:57 placeless-MS-7A72 kernel: usb 1-1: Manufacturer: Fastbo
10月 03 02:51:57 placeless-MS-7A72 kernel: usb 1-1: SerialNumber: SCV7N18927000473
10月 03 02:52:00 placeless-MS-7A72 kernel: usb 1-1: USB disconnect, device number 11
10月 03 02:51:53 placeless-MS-7A72 kernel: usb 1-1: USB disconnect, device number 10
10月 03 02:51:57 placeless-MS-7A72 kernel: usb 1-1: new high-speed USB device number 11 using xhci_hcd
10月 03 02:51:57 placeless-MS-7A72 kernel: usb 1-1: New USB device found, idVendor=18d1, idProduct=d00d, bcdDevice= 1.00
10月 03 02:51:57 placeless-MS-7A72 kernel: usb 1-1: New USB device strings: Mfr=1, Product=2, SerialNumber=3
10月 03 02:51:57 placeless-MS-7A72 kernel: usb 1-1: Product: Fastboot2.0
10月 03 02:51:57 placeless-MS-7A72 kernel: usb 1-1: Manufacturer: Fastbo
10月 03 02:51:57 placeless-MS-7A72 kernel: usb 1-1: SerialNumber: SCV7N18927000473
10月 03 02:52:00 placeless-MS-7A72 kernel: usb 1-1: USB disconnect, device number 11
10月 03 02:51:57 placeless-MS-7A72 kernel: usb 1-1: new high-speed USB device number 11 using xhci_hcd
10月 03 02:51:57 placeless-MS-7A72 kernel: usb 1-1: New USB device found, idVendor=18d1, idProduct=d00d, bcdDevice= 1.00
10月 03 02:51:57 placeless-MS-7A72 kernel: usb 1-1: New USB device strings: Mfr=1, Product=2, SerialNumber=3
10月 03 02:51:57 placeless-MS-7A72 kernel: usb 1-1: Product: Fastboot2.0
10月 03 02:51:57 placeless-MS-7A72 kernel: usb 1-1: Manufacturer: Fastbo
10月 03 02:51:57 placeless-MS-7A72 kernel: usb 1-1: SerialNumber: SCV7N18927000473
10月 03 02:52:00 placeless-MS-7A72 kernel: usb 1-1: USB disconnect, device number 11
10月 03 02:52:00 placeless-MS-7A72 kernel: usb 1-1: USB disconnect, device number 11
10月 03 02:54:34 placeless-MS-7A72 kernel: usb 1-1: new high-speed USB device number 12 using xhci_hcd
10月 03 02:54:34 placeless-MS-7A72 kernel: usb 1-1: New USB device found, idVendor=12d1, idProduct=107e, bcdDevice= 2.99
10月 03 02:54:34 placeless-MS-7A72 kernel: usb 1-1: New USB device strings: Mfr=1, Product=2, SerialNumber=3
10月 03 02:54:34 placeless-MS-7A72 kernel: usb 1-1: Product: HUAWEI
10月 03 02:54:34 placeless-MS-7A72 kernel: usb 1-1: Manufacturer: unknown
10月 03 02:54:34 placeless-MS-7A72 kernel: usb 1-1: SerialNumber: SCV7N18927000473
10月 03 02:54:34 placeless-MS-7A72 kernel: usb 1-1: new high-speed USB device number 12 using xhci_hcd
10月 03 02:54:34 placeless-MS-7A72 kernel: usb 1-1: New USB device found, idVendor=12d1, idProduct=107e, bcdDevice= 2.99
10月 03 02:54:34 placeless-MS-7A72 kernel: usb 1-1: New USB device strings: Mfr=1, Product=2, SerialNumber=3
10月 03 02:54:34 placeless-MS-7A72 kernel: usb 1-1: Product: HUAWEI
10月 03 02:54:34 placeless-MS-7A72 kernel: usb 1-1: Manufacturer: unknown
10月 03 02:54:34 placeless-MS-7A72 kernel: usb 1-1: SerialNumber: SCV7N18927000473
10月 03 02:54:34 placeless-MS-7A72 kernel: usb 1-1: new high-speed USB device number 12 using xhci_hcd
10月 03 02:54:34 placeless-MS-7A72 kernel: usb 1-1: New USB device found, idVendor=12d1, idProduct=107e, bcdDevice= 2.99
10月 03 02:54:34 placeless-MS-7A72 kernel: usb 1-1: New USB device strings: Mfr=1, Product=2, SerialNumber=3
10月 03 02:54:34 placeless-MS-7A72 kernel: usb 1-1: Product: HUAWEI
10月 03 02:54:34 placeless-MS-7A72 kernel: usb 1-1: Manufacturer: unknown
10月 03 02:54:34 placeless-MS-7A72 kernel: usb 1-1: SerialNumber: SCV7N18927000473
10月 03 02:54:34 placeless-MS-7A72 kernel: usb 1-1: new high-speed USB device number 12 using xhci_hcd
10月 03 02:54:34 placeless-MS-7A72 kernel: usb 1-1: New USB device found, idVendor=12d1, idProduct=107e, bcdDevice= 2.99
10月 03 02:54:34 placeless-MS-7A72 kernel: usb 1-1: New USB device strings: Mfr=1, Product=2, SerialNumber=3
10月 03 02:54:34 placeless-MS-7A72 kernel: usb 1-1: Product: HUAWEI
10月 03 02:54:34 placeless-MS-7A72 kernel: usb 1-1: Manufacturer: unknown
10月 03 02:54:34 placeless-MS-7A72 kernel: usb 1-1: SerialNumber: SCV7N18927000473
10月 03 02:54:34 placeless-MS-7A72 kernel: usb 1-1: new high-speed USB device number 12 using xhci_hcd
10月 03 02:54:34 placeless-MS-7A72 kernel: usb 1-1: New USB device found, idVendor=12d1, idProduct=107e, bcdDevice= 2.99
10月 03 02:54:34 placeless-MS-7A72 kernel: usb 1-1: New USB device strings: Mfr=1, Product=2, SerialNumber=3
10月 03 02:54:34 placeless-MS-7A72 kernel: usb 1-1: Product: HUAWEI
10月 03 02:54:34 placeless-MS-7A72 kernel: usb 1-1: Manufacturer: unknown
10月 03 02:54:34 placeless-MS-7A72 kernel: usb 1-1: SerialNumber: SCV7N18927000473
10月 03 02:54:34 placeless-MS-7A72 kernel: usb 1-1: new high-speed USB device number 12 using xhci_hcd
10月 03 02:54:34 placeless-MS-7A72 kernel: usb 1-1: New USB device found, idVendor=12d1, idProduct=107e, bcdDevice= 2.99
10月 03 02:54:34 placeless-MS-7A72 kernel: usb 1-1: New USB device strings: Mfr=1, Product=2, SerialNumber=3
10月 03 02:54:34 placeless-MS-7A72 kernel: usb 1-1: Product: HUAWEI
10月 03 02:54:34 placeless-MS-7A72 kernel: usb 1-1: Manufacturer: unknown
10月 03 02:54:34 placeless-MS-7A72 kernel: usb 1-1: SerialNumber: SCV7N18927000473
10月 03 02:54:34 placeless-MS-7A72 kernel: usb 1-1: new high-speed USB device number 12 using xhci_hcd
10月 03 02:54:34 placeless-MS-7A72 kernel: usb 1-1: New USB device found, idVendor=12d1, idProduct=107e, bcdDevice= 2.99
10月 03 02:54:34 placeless-MS-7A72 kernel: usb 1-1: New USB device strings: Mfr=1, Product=2, SerialNumber=3
10月 03 02:54:34 placeless-MS-7A72 kernel: usb 1-1: Product: HUAWEI
10月 03 02:54:34 placeless-MS-7A72 kernel: usb 1-1: Manufacturer: unknown
10月 03 02:54:34 placeless-MS-7A72 kernel: usb 1-1: SerialNumber: SCV7N18927000473
10月 03 02:54:34 placeless-MS-7A72 kernel: usb 1-1: new high-speed USB device number 12 using xhci_hcd
10月 03 02:54:34 placeless-MS-7A72 kernel: usb 1-1: New USB device found, idVendor=12d1, idProduct=107e, bcdDevice= 2.99
10月 03 02:54:34 placeless-MS-7A72 kernel: usb 1-1: New USB device strings: Mfr=1, Product=2, SerialNumber=3
10月 03 02:54:34 placeless-MS-7A72 kernel: usb 1-1: Product: HUAWEI
10月 03 02:54:34 placeless-MS-7A72 kernel: usb 1-1: Manufacturer: unknown
10月 03 02:54:34 placeless-MS-7A72 kernel: usb 1-1: SerialNumber: SCV7N18927000473
10月 03 02:55:00 placeless-MS-7A72 kernel: usb 1-1: USB disconnect, device number 12
10月 03 02:55:00 placeless-MS-7A72 kernel: usb 1-1: USB disconnect, device number 12
10月 03 02:55:04 placeless-MS-7A72 kernel: usb 1-1: new high-speed USB device number 13 using xhci_hcd
10月 03 02:55:04 placeless-MS-7A72 kernel: usb 1-1: New USB device found, idVendor=18d1, idProduct=d00d, bcdDevice= 1.00
10月 03 02:55:04 placeless-MS-7A72 kernel: usb 1-1: New USB device strings: Mfr=1, Product=2, SerialNumber=3
10月 03 02:55:04 placeless-MS-7A72 kernel: usb 1-1: Product: Fastboot2.0
10月 03 02:55:04 placeless-MS-7A72 kernel: usb 1-1: Manufacturer: Fastbo
10月 03 02:55:04 placeless-MS-7A72 kernel: usb 1-1: SerialNumber: SCV7N18927000473
10月 03 02:55:00 placeless-MS-7A72 kernel: usb 1-1: USB disconnect, device number 12
10月 03 02:55:04 placeless-MS-7A72 kernel: usb 1-1: new high-speed USB device number 13 using xhci_hcd
10月 03 02:55:04 placeless-MS-7A72 kernel: usb 1-1: New USB device found, idVendor=18d1, idProduct=d00d, bcdDevice= 1.00
10月 03 02:55:04 placeless-MS-7A72 kernel: usb 1-1: New USB device strings: Mfr=1, Product=2, SerialNumber=3
10月 03 02:55:04 placeless-MS-7A72 kernel: usb 1-1: Product: Fastboot2.0
10月 03 02:55:04 placeless-MS-7A72 kernel: usb 1-1: Manufacturer: Fastbo
10月 03 02:55:04 placeless-MS-7A72 kernel: usb 1-1: SerialNumber: SCV7N18927000473
10月 03 02:55:09 placeless-MS-7A72 kernel: usb 1-1: USB disconnect, device number 13
10月 03 02:55:00 placeless-MS-7A72 kernel: usb 1-1: USB disconnect, device number 12
10月 03 02:55:04 placeless-MS-7A72 kernel: usb 1-1: new high-speed USB device number 13 using xhci_hcd
10月 03 02:55:04 placeless-MS-7A72 kernel: usb 1-1: New USB device found, idVendor=18d1, idProduct=d00d, bcdDevice= 1.00
10月 03 02:55:04 placeless-MS-7A72 kernel: usb 1-1: New USB device strings: Mfr=1, Product=2, SerialNumber=3
10月 03 02:55:04 placeless-MS-7A72 kernel: usb 1-1: Product: Fastboot2.0
10月 03 02:55:04 placeless-MS-7A72 kernel: usb 1-1: Manufacturer: Fastbo
10月 03 02:55:04 placeless-MS-7A72 kernel: usb 1-1: SerialNumber: SCV7N18927000473
10月 03 02:55:09 placeless-MS-7A72 kernel: usb 1-1: USB disconnect, device number 13
10月 03 02:55:00 placeless-MS-7A72 kernel: usb 1-1: USB disconnect, device number 12
10月 03 02:55:04 placeless-MS-7A72 kernel: usb 1-1: new high-speed USB device number 13 using xhci_hcd
10月 03 02:55:04 placeless-MS-7A72 kernel: usb 1-1: New USB device found, idVendor=18d1, idProduct=d00d, bcdDevice= 1.00
10月 03 02:55:04 placeless-MS-7A72 kernel: usb 1-1: New USB device strings: Mfr=1, Product=2, SerialNumber=3
10月 03 02:55:04 placeless-MS-7A72 kernel: usb 1-1: Product: Fastboot2.0
10月 03 02:55:04 placeless-MS-7A72 kernel: usb 1-1: Manufacturer: Fastbo
10月 03 02:55:04 placeless-MS-7A72 kernel: usb 1-1: SerialNumber: SCV7N18927000473
10月 03 02:55:09 placeless-MS-7A72 kernel: usb 1-1: USB disconnect, device number 13
10月 03 02:55:04 placeless-MS-7A72 kernel: usb 1-1: new high-speed USB device number 13 using xhci_hcd
10月 03 02:55:04 placeless-MS-7A72 kernel: usb 1-1: New USB device found, idVendor=18d1, idProduct=d00d, bcdDevice= 1.00
10月 03 02:55:04 placeless-MS-7A72 kernel: usb 1-1: New USB device strings: Mfr=1, Product=2, SerialNumber=3
10月 03 02:55:04 placeless-MS-7A72 kernel: usb 1-1: Product: Fastboot2.0
10月 03 02:55:04 placeless-MS-7A72 kernel: usb 1-1: Manufacturer: Fastbo
10月 03 02:55:04 placeless-MS-7A72 kernel: usb 1-1: SerialNumber: SCV7N18927000473
10月 03 02:55:09 placeless-MS-7A72 kernel: usb 1-1: USB disconnect, device number 13
10月 03 02:55:28 placeless-MS-7A72 kernel: usb 1-1: new high-speed USB device number 14 using xhci_hcd
10月 03 02:55:29 placeless-MS-7A72 kernel: usb 1-1: New USB device found, idVendor=12d1, idProduct=107e, bcdDevice= 2.99
10月 03 02:55:29 placeless-MS-7A72 kernel: usb 1-1: New USB device strings: Mfr=1, Product=2, SerialNumber=3
10月 03 02:55:29 placeless-MS-7A72 kernel: usb 1-1: Product: ANE-LX2J
10月 03 02:55:29 placeless-MS-7A72 kernel: usb 1-1: Manufacturer: HUAWEI
10月 03 02:55:29 placeless-MS-7A72 kernel: usb 1-1: SerialNumber: SCV7N18927000473
10月 03 02:56:50 placeless-MS-7A72 kernel: usb 1-1: USB disconnect, device number 15
10月 03 02:56:51 placeless-MS-7A72 kernel: usb 1-1: new high-speed USB device number 16 using xhci_hcd
10月 03 02:56:51 placeless-MS-7A72 kernel: usb 1-1: New USB device found, idVendor=12d1, idProduct=107e, bcdDevice= 2.99
10月 03 02:56:51 placeless-MS-7A72 kernel: usb 1-1: New USB device strings: Mfr=1, Product=2, SerialNumber=3
10月 03 02:56:51 placeless-MS-7A72 kernel: usb 1-1: Product: ANE-LX2J
10月 03 02:56:51 placeless-MS-7A72 kernel: usb 1-1: Manufacturer: HUAWEI
10月 03 02:56:51 placeless-MS-7A72 kernel: usb 1-1: SerialNumber: SCV7N18927000473
10月 03 03:05:06 placeless-MS-7A72 kernel: usb 1-1: new high-speed USB device number 18 using xhci_hcd
10月 03 03:05:06 placeless-MS-7A72 kernel: usb 1-1: New USB device found, idVendor=12d1, idProduct=107e, bcdDevice= 2.99
10月 03 03:05:06 placeless-MS-7A72 kernel: usb 1-1: New USB device strings: Mfr=1, Product=2, SerialNumber=3
10月 03 03:05:06 placeless-MS-7A72 kernel: usb 1-1: Product: HUAWEI
10月 03 03:05:06 placeless-MS-7A72 kernel: usb 1-1: Manufacturer: unknown
10月 03 03:05:06 placeless-MS-7A72 kernel: usb 1-1: SerialNumber: SCV7N18927000473
10月 03 03:05:06 placeless-MS-7A72 kernel: usb 1-1: new high-speed USB device number 18 using xhci_hcd
10月 03 03:05:06 placeless-MS-7A72 kernel: usb 1-1: New USB device found, idVendor=12d1, idProduct=107e, bcdDevice= 2.99
10月 03 03:05:06 placeless-MS-7A72 kernel: usb 1-1: New USB device strings: Mfr=1, Product=2, SerialNumber=3
10月 03 03:05:06 placeless-MS-7A72 kernel: usb 1-1: Product: HUAWEI
10月 03 03:05:06 placeless-MS-7A72 kernel: usb 1-1: Manufacturer: unknown
10月 03 03:05:06 placeless-MS-7A72 kernel: usb 1-1: SerialNumber: SCV7N18927000473
10月 03 03:05:06 placeless-MS-7A72 kernel: usb 1-1: new high-speed USB device number 18 using xhci_hcd
10月 03 03:05:06 placeless-MS-7A72 kernel: usb 1-1: New USB device found, idVendor=12d1, idProduct=107e, bcdDevice= 2.99
10月 03 03:05:06 placeless-MS-7A72 kernel: usb 1-1: New USB device strings: Mfr=1, Product=2, SerialNumber=3
10月 03 03:05:06 placeless-MS-7A72 kernel: usb 1-1: Product: HUAWEI
10月 03 03:05:06 placeless-MS-7A72 kernel: usb 1-1: Manufacturer: unknown
10月 03 03:05:06 placeless-MS-7A72 kernel: usb 1-1: SerialNumber: SCV7N18927000473
10月 03 03:05:06 placeless-MS-7A72 kernel: usb 1-1: new high-speed USB device number 18 using xhci_hcd
10月 03 03:05:06 placeless-MS-7A72 kernel: usb 1-1: New USB device found, idVendor=12d1, idProduct=107e, bcdDevice= 2.99
10月 03 03:05:06 placeless-MS-7A72 kernel: usb 1-1: New USB device strings: Mfr=1, Product=2, SerialNumber=3
10月 03 03:05:06 placeless-MS-7A72 kernel: usb 1-1: Product: HUAWEI
10月 03 03:05:06 placeless-MS-7A72 kernel: usb 1-1: Manufacturer: unknown
10月 03 03:05:06 placeless-MS-7A72 kernel: usb 1-1: SerialNumber: SCV7N18927000473
10月 03 03:05:06 placeless-MS-7A72 kernel: usb 1-1: new high-speed USB device number 18 using xhci_hcd
10月 03 03:05:06 placeless-MS-7A72 kernel: usb 1-1: New USB device found, idVendor=12d1, idProduct=107e, bcdDevice= 2.99
10月 03 03:05:06 placeless-MS-7A72 kernel: usb 1-1: New USB device strings: Mfr=1, Product=2, SerialNumber=3
10月 03 03:05:06 placeless-MS-7A72 kernel: usb 1-1: Product: HUAWEI
10月 03 03:05:06 placeless-MS-7A72 kernel: usb 1-1: Manufacturer: unknown
10月 03 03:05:06 placeless-MS-7A72 kernel: usb 1-1: SerialNumber: SCV7N18927000473
10月 03 03:05:06 placeless-MS-7A72 kernel: usb 1-1: new high-speed USB device number 18 using xhci_hcd
10月 03 03:05:06 placeless-MS-7A72 kernel: usb 1-1: New USB device found, idVendor=12d1, idProduct=107e, bcdDevice= 2.99
10月 03 03:05:06 placeless-MS-7A72 kernel: usb 1-1: New USB device strings: Mfr=1, Product=2, SerialNumber=3
10月 03 03:05:06 placeless-MS-7A72 kernel: usb 1-1: Product: HUAWEI
10月 03 03:05:06 placeless-MS-7A72 kernel: usb 1-1: Manufacturer: unknown
10月 03 03:05:06 placeless-MS-7A72 kernel: usb 1-1: SerialNumber: SCV7N18927000473
10月 03 03:05:06 placeless-MS-7A72 kernel: usb 1-1: new high-speed USB device number 18 using xhci_hcd
10月 03 03:05:06 placeless-MS-7A72 kernel: usb 1-1: New USB device found, idVendor=12d1, idProduct=107e, bcdDevice= 2.99
10月 03 03:05:06 placeless-MS-7A72 kernel: usb 1-1: New USB device strings: Mfr=1, Product=2, SerialNumber=3
10月 03 03:05:06 placeless-MS-7A72 kernel: usb 1-1: Product: HUAWEI
10月 03 03:05:06 placeless-MS-7A72 kernel: usb 1-1: Manufacturer: unknown
10月 03 03:05:06 placeless-MS-7A72 kernel: usb 1-1: SerialNumber: SCV7N18927000473
10月 03 03:05:06 placeless-MS-7A72 kernel: usb 1-1: new high-speed USB device number 18 using xhci_hcd
10月 03 03:05:06 placeless-MS-7A72 kernel: usb 1-1: New USB device found, idVendor=12d1, idProduct=107e, bcdDevice= 2.99
10月 03 03:05:06 placeless-MS-7A72 kernel: usb 1-1: New USB device strings: Mfr=1, Product=2, SerialNumber=3
10月 03 03:05:06 placeless-MS-7A72 kernel: usb 1-1: Product: HUAWEI
10月 03 03:05:06 placeless-MS-7A72 kernel: usb 1-1: Manufacturer: unknown
10月 03 03:05:06 placeless-MS-7A72 kernel: usb 1-1: SerialNumber: SCV7N18927000473
10月 03 03:05:39 placeless-MS-7A72 kernel: usb 1-1: USB disconnect, device number 18
10月 03 03:05:39 placeless-MS-7A72 kernel: usb 1-1: USB disconnect, device number 18
10月 03 03:05:44 placeless-MS-7A72 kernel: usb 1-1: new high-speed USB device number 19 using xhci_hcd
10月 03 03:05:44 placeless-MS-7A72 kernel: usb 1-1: New USB device found, idVendor=18d1, idProduct=d00d, bcdDevice= 1.00
10月 03 03:05:44 placeless-MS-7A72 kernel: usb 1-1: New USB device strings: Mfr=1, Product=2, SerialNumber=3
10月 03 03:05:44 placeless-MS-7A72 kernel: usb 1-1: Product: Fastboot2.0
10月 03 03:05:44 placeless-MS-7A72 kernel: usb 1-1: Manufacturer: Fastbo
10月 03 03:05:44 placeless-MS-7A72 kernel: usb 1-1: SerialNumber: SCV7N18927000473
10月 03 03:05:46 placeless-MS-7A72 kernel: usb 1-1: USB disconnect, device number 19
10月 03 03:05:39 placeless-MS-7A72 kernel: usb 1-1: USB disconnect, device number 18
10月 03 03:05:44 placeless-MS-7A72 kernel: usb 1-1: new high-speed USB device number 19 using xhci_hcd
10月 03 03:05:44 placeless-MS-7A72 kernel: usb 1-1: New USB device found, idVendor=18d1, idProduct=d00d, bcdDevice= 1.00
10月 03 03:05:44 placeless-MS-7A72 kernel: usb 1-1: New USB device strings: Mfr=1, Product=2, SerialNumber=3
10月 03 03:05:44 placeless-MS-7A72 kernel: usb 1-1: Product: Fastboot2.0
10月 03 03:05:44 placeless-MS-7A72 kernel: usb 1-1: Manufacturer: Fastbo
10月 03 03:05:44 placeless-MS-7A72 kernel: usb 1-1: SerialNumber: SCV7N18927000473
10月 03 03:05:46 placeless-MS-7A72 kernel: usb 1-1: USB disconnect, device number 19
10月 03 03:05:39 placeless-MS-7A72 kernel: usb 1-1: USB disconnect, device number 18
10月 03 03:05:44 placeless-MS-7A72 kernel: usb 1-1: new high-speed USB device number 19 using xhci_hcd
10月 03 03:05:44 placeless-MS-7A72 kernel: usb 1-1: New USB device found, idVendor=18d1, idProduct=d00d, bcdDevice= 1.00
10月 03 03:05:44 placeless-MS-7A72 kernel: usb 1-1: New USB device strings: Mfr=1, Product=2, SerialNumber=3
10月 03 03:05:44 placeless-MS-7A72 kernel: usb 1-1: Product: Fastboot2.0
10月 03 03:05:44 placeless-MS-7A72 kernel: usb 1-1: Manufacturer: Fastbo
10月 03 03:05:44 placeless-MS-7A72 kernel: usb 1-1: SerialNumber: SCV7N18927000473
10月 03 03:05:46 placeless-MS-7A72 kernel: usb 1-1: USB disconnect, device number 19
10月 03 03:05:39 placeless-MS-7A72 kernel: usb 1-1: USB disconnect, device number 18
10月 03 03:05:44 placeless-MS-7A72 kernel: usb 1-1: new high-speed USB device number 19 using xhci_hcd
10月 03 03:05:44 placeless-MS-7A72 kernel: usb 1-1: New USB device found, idVendor=18d1, idProduct=d00d, bcdDevice= 1.00
10月 03 03:05:44 placeless-MS-7A72 kernel: usb 1-1: New USB device strings: Mfr=1, Product=2, SerialNumber=3
10月 03 03:05:44 placeless-MS-7A72 kernel: usb 1-1: Product: Fastboot2.0
10月 03 03:05:44 placeless-MS-7A72 kernel: usb 1-1: Manufacturer: Fastbo
10月 03 03:05:44 placeless-MS-7A72 kernel: usb 1-1: SerialNumber: SCV7N18927000473
10月 03 03:05:46 placeless-MS-7A72 kernel: usb 1-1: USB disconnect, device number 19
10月 03 03:05:39 placeless-MS-7A72 kernel: usb 1-1: USB disconnect, device number 18
10月 03 03:05:44 placeless-MS-7A72 kernel: usb 1-1: new high-speed USB device number 19 using xhci_hcd
10月 03 03:05:44 placeless-MS-7A72 kernel: usb 1-1: New USB device found, idVendor=18d1, idProduct=d00d, bcdDevice= 1.00
10月 03 03:05:44 placeless-MS-7A72 kernel: usb 1-1: New USB device strings: Mfr=1, Product=2, SerialNumber=3
10月 03 03:05:44 placeless-MS-7A72 kernel: usb 1-1: Product: Fastboot2.0
10月 03 03:05:44 placeless-MS-7A72 kernel: usb 1-1: Manufacturer: Fastbo
10月 03 03:05:44 placeless-MS-7A72 kernel: usb 1-1: SerialNumber: SCV7N18927000473
10月 03 03:05:46 placeless-MS-7A72 kernel: usb 1-1: USB disconnect, device number 19
10月 03 03:05:39 placeless-MS-7A72 kernel: usb 1-1: USB disconnect, device number 18
10月 03 03:05:44 placeless-MS-7A72 kernel: usb 1-1: new high-speed USB device number 19 using xhci_hcd
10月 03 03:05:44 placeless-MS-7A72 kernel: usb 1-1: New USB device found, idVendor=18d1, idProduct=d00d, bcdDevice= 1.00
10月 03 03:05:44 placeless-MS-7A72 kernel: usb 1-1: New USB device strings: Mfr=1, Product=2, SerialNumber=3
10月 03 03:05:44 placeless-MS-7A72 kernel: usb 1-1: Product: Fastboot2.0
10月 03 03:05:44 placeless-MS-7A72 kernel: usb 1-1: Manufacturer: Fastbo
10月 03 03:05:44 placeless-MS-7A72 kernel: usb 1-1: SerialNumber: SCV7N18927000473
10月 03 03:05:46 placeless-MS-7A72 kernel: usb 1-1: USB disconnect, device number 19
10月 03 03:05:44 placeless-MS-7A72 kernel: usb 1-1: new high-speed USB device number 19 using xhci_hcd
10月 03 03:05:44 placeless-MS-7A72 kernel: usb 1-1: New USB device found, idVendor=18d1, idProduct=d00d, bcdDevice= 1.00
10月 03 03:05:44 placeless-MS-7A72 kernel: usb 1-1: New USB device strings: Mfr=1, Product=2, SerialNumber=3
10月 03 03:05:44 placeless-MS-7A72 kernel: usb 1-1: Product: Fastboot2.0
10月 03 03:05:44 placeless-MS-7A72 kernel: usb 1-1: Manufacturer: Fastbo
10月 03 03:05:44 placeless-MS-7A72 kernel: usb 1-1: SerialNumber: SCV7N18927000473
10月 03 03:05:46 placeless-MS-7A72 kernel: usb 1-1: USB disconnect, device number 19
10月 03 03:05:46 placeless-MS-7A72 kernel: usb 1-1: USB disconnect, device number 19
10月 03 03:08:20 placeless-MS-7A72 kernel: usb 1-1: new high-speed USB device number 20 using xhci_hcd
10月 03 03:08:21 placeless-MS-7A72 kernel: usb 1-1: New USB device found, idVendor=12d1, idProduct=107e, bcdDevice= 2.99
10月 03 03:08:21 placeless-MS-7A72 kernel: usb 1-1: New USB device strings: Mfr=1, Product=2, SerialNumber=3
10月 03 03:08:21 placeless-MS-7A72 kernel: usb 1-1: Product: HUAWEI
10月 03 03:08:21 placeless-MS-7A72 kernel: usb 1-1: Manufacturer: unknown
10月 03 03:08:21 placeless-MS-7A72 kernel: usb 1-1: SerialNumber: SCV7N18927000473
10月 03 03:08:20 placeless-MS-7A72 kernel: usb 1-1: new high-speed USB device number 20 using xhci_hcd
10月 03 03:08:21 placeless-MS-7A72 kernel: usb 1-1: New USB device found, idVendor=12d1, idProduct=107e, bcdDevice= 2.99
10月 03 03:08:21 placeless-MS-7A72 kernel: usb 1-1: New USB device strings: Mfr=1, Product=2, SerialNumber=3
10月 03 03:08:21 placeless-MS-7A72 kernel: usb 1-1: Product: HUAWEI
10月 03 03:08:21 placeless-MS-7A72 kernel: usb 1-1: Manufacturer: unknown
10月 03 03:08:21 placeless-MS-7A72 kernel: usb 1-1: SerialNumber: SCV7N18927000473
10月 03 03:08:20 placeless-MS-7A72 kernel: usb 1-1: new high-speed USB device number 20 using xhci_hcd
10月 03 03:08:21 placeless-MS-7A72 kernel: usb 1-1: New USB device found, idVendor=12d1, idProduct=107e, bcdDevice= 2.99
10月 03 03:08:21 placeless-MS-7A72 kernel: usb 1-1: New USB device strings: Mfr=1, Product=2, SerialNumber=3
10月 03 03:08:21 placeless-MS-7A72 kernel: usb 1-1: Product: HUAWEI
10月 03 03:08:21 placeless-MS-7A72 kernel: usb 1-1: Manufacturer: unknown
10月 03 03:08:21 placeless-MS-7A72 kernel: usb 1-1: SerialNumber: SCV7N18927000473
10月 03 03:08:20 placeless-MS-7A72 kernel: usb 1-1: new high-speed USB device number 20 using xhci_hcd
10月 03 03:08:21 placeless-MS-7A72 kernel: usb 1-1: New USB device found, idVendor=12d1, idProduct=107e, bcdDevice= 2.99
10月 03 03:08:21 placeless-MS-7A72 kernel: usb 1-1: New USB device strings: Mfr=1, Product=2, SerialNumber=3
10月 03 03:08:21 placeless-MS-7A72 kernel: usb 1-1: Product: HUAWEI
10月 03 03:08:21 placeless-MS-7A72 kernel: usb 1-1: Manufacturer: unknown
10月 03 03:08:21 placeless-MS-7A72 kernel: usb 1-1: SerialNumber: SCV7N18927000473
10月 03 03:08:20 placeless-MS-7A72 kernel: usb 1-1: new high-speed USB device number 20 using xhci_hcd
10月 03 03:08:21 placeless-MS-7A72 kernel: usb 1-1: New USB device found, idVendor=12d1, idProduct=107e, bcdDevice= 2.99
10月 03 03:08:21 placeless-MS-7A72 kernel: usb 1-1: New USB device strings: Mfr=1, Product=2, SerialNumber=3
10月 03 03:08:21 placeless-MS-7A72 kernel: usb 1-1: Product: HUAWEI
10月 03 03:08:21 placeless-MS-7A72 kernel: usb 1-1: Manufacturer: unknown
10月 03 03:08:21 placeless-MS-7A72 kernel: usb 1-1: SerialNumber: SCV7N18927000473
10月 03 03:08:36 placeless-MS-7A72 kernel: usb 1-1: USB disconnect, device number 20
10月 03 03:08:20 placeless-MS-7A72 kernel: usb 1-1: new high-speed USB device number 20 using xhci_hcd
10月 03 03:08:21 placeless-MS-7A72 kernel: usb 1-1: New USB device found, idVendor=12d1, idProduct=107e, bcdDevice= 2.99
10月 03 03:08:21 placeless-MS-7A72 kernel: usb 1-1: New USB device strings: Mfr=1, Product=2, SerialNumber=3
10月 03 03:08:21 placeless-MS-7A72 kernel: usb 1-1: Product: HUAWEI
10月 03 03:08:21 placeless-MS-7A72 kernel: usb 1-1: Manufacturer: unknown
10月 03 03:08:21 placeless-MS-7A72 kernel: usb 1-1: SerialNumber: SCV7N18927000473
10月 03 03:08:36 placeless-MS-7A72 kernel: usb 1-1: USB disconnect, device number 20
10月 03 03:08:40 placeless-MS-7A72 kernel: usb 1-1: new high-speed USB device number 21 using xhci_hcd
10月 03 03:08:40 placeless-MS-7A72 kernel: usb 1-1: New USB device found, idVendor=18d1, idProduct=d00d, bcdDevice= 1.00
10月 03 03:08:40 placeless-MS-7A72 kernel: usb 1-1: New USB device strings: Mfr=1, Product=2, SerialNumber=3
10月 03 03:08:40 placeless-MS-7A72 kernel: usb 1-1: Product: Fastboot2.0
10月 03 03:08:40 placeless-MS-7A72 kernel: usb 1-1: Manufacturer: Fastbo
10月 03 03:08:40 placeless-MS-7A72 kernel: usb 1-1: SerialNumber: SCV7N18927000473
10月 03 03:14:24 placeless-MS-7A72 kernel: usb 1-1: USB disconnect, device number 23
10月 03 03:14:27 placeless-MS-7A72 kernel: usb 1-1: new high-speed USB device number 24 using xhci_hcd
10月 03 03:14:28 placeless-MS-7A72 kernel: usb 1-1: New USB device found, idVendor=18d1, idProduct=d00d, bcdDevice= 1.00
10月 03 03:14:28 placeless-MS-7A72 kernel: usb 1-1: New USB device strings: Mfr=1, Product=2, SerialNumber=3
10月 03 03:14:28 placeless-MS-7A72 kernel: usb 1-1: Product: Fastboot2.0
10月 03 03:14:28 placeless-MS-7A72 kernel: usb 1-1: Manufacturer: Fastbo
10月 03 03:14:28 placeless-MS-7A72 kernel: usb 1-1: SerialNumber: SCV7N18927000473
10月 03 03:14:31 placeless-MS-7A72 kernel: usb 1-1: USB disconnect, device number 24
10月 03 03:14:24 placeless-MS-7A72 kernel: usb 1-1: USB disconnect, device number 23
10月 03 03:14:27 placeless-MS-7A72 kernel: usb 1-1: new high-speed USB device number 24 using xhci_hcd
10月 03 03:14:28 placeless-MS-7A72 kernel: usb 1-1: New USB device found, idVendor=18d1, idProduct=d00d, bcdDevice= 1.00
10月 03 03:14:28 placeless-MS-7A72 kernel: usb 1-1: New USB device strings: Mfr=1, Product=2, SerialNumber=3
10月 03 03:14:28 placeless-MS-7A72 kernel: usb 1-1: Product: Fastboot2.0
10月 03 03:14:28 placeless-MS-7A72 kernel: usb 1-1: Manufacturer: Fastbo
10月 03 03:14:28 placeless-MS-7A72 kernel: usb 1-1: SerialNumber: SCV7N18927000473
10月 03 03:14:31 placeless-MS-7A72 kernel: usb 1-1: USB disconnect, device number 24
10月 03 03:14:24 placeless-MS-7A72 kernel: usb 1-1: USB disconnect, device number 23
10月 03 03:14:27 placeless-MS-7A72 kernel: usb 1-1: new high-speed USB device number 24 using xhci_hcd
10月 03 03:14:28 placeless-MS-7A72 kernel: usb 1-1: New USB device found, idVendor=18d1, idProduct=d00d, bcdDevice= 1.00
10月 03 03:14:28 placeless-MS-7A72 kernel: usb 1-1: New USB device strings: Mfr=1, Product=2, SerialNumber=3
10月 03 03:14:28 placeless-MS-7A72 kernel: usb 1-1: Product: Fastboot2.0
10月 03 03:14:28 placeless-MS-7A72 kernel: usb 1-1: Manufacturer: Fastbo
10月 03 03:14:28 placeless-MS-7A72 kernel: usb 1-1: SerialNumber: SCV7N18927000473
10月 03 03:14:31 placeless-MS-7A72 kernel: usb 1-1: USB disconnect, device number 24
10月 03 03:14:27 placeless-MS-7A72 kernel: usb 1-1: new high-speed USB device number 24 using xhci_hcd
10月 03 03:14:28 placeless-MS-7A72 kernel: usb 1-1: New USB device found, idVendor=18d1, idProduct=d00d, bcdDevice= 1.00
10月 03 03:14:28 placeless-MS-7A72 kernel: usb 1-1: New USB device strings: Mfr=1, Product=2, SerialNumber=3
10月 03 03:14:28 placeless-MS-7A72 kernel: usb 1-1: Product: Fastboot2.0
10月 03 03:14:28 placeless-MS-7A72 kernel: usb 1-1: Manufacturer: Fastbo
10月 03 03:14:28 placeless-MS-7A72 kernel: usb 1-1: SerialNumber: SCV7N18927000473
10月 03 03:14:31 placeless-MS-7A72 kernel: usb 1-1: USB disconnect, device number 24
10月 03 03:14:31 placeless-MS-7A72 kernel: usb 1-1: USB disconnect, device number 24
10月 03 03:17:05 placeless-MS-7A72 kernel: usb 1-1: new high-speed USB device number 25 using xhci_hcd
10月 03 03:17:05 placeless-MS-7A72 kernel: usb 1-1: New USB device found, idVendor=12d1, idProduct=107e, bcdDevice= 2.99
10月 03 03:17:05 placeless-MS-7A72 kernel: usb 1-1: New USB device strings: Mfr=1, Product=2, SerialNumber=3
10月 03 03:17:05 placeless-MS-7A72 kernel: usb 1-1: Product: HUAWEI
10月 03 03:17:05 placeless-MS-7A72 kernel: usb 1-1: Manufacturer: unknown
10月 03 03:17:05 placeless-MS-7A72 kernel: usb 1-1: SerialNumber: SCV7N18927000473
10月 03 03:17:05 placeless-MS-7A72 kernel: usb 1-1: new high-speed USB device number 25 using xhci_hcd
10月 03 03:17:05 placeless-MS-7A72 kernel: usb 1-1: New USB device found, idVendor=12d1, idProduct=107e, bcdDevice= 2.99
10月 03 03:17:05 placeless-MS-7A72 kernel: usb 1-1: New USB device strings: Mfr=1, Product=2, SerialNumber=3
10月 03 03:17:05 placeless-MS-7A72 kernel: usb 1-1: Product: HUAWEI
10月 03 03:17:05 placeless-MS-7A72 kernel: usb 1-1: Manufacturer: unknown
10月 03 03:17:05 placeless-MS-7A72 kernel: usb 1-1: SerialNumber: SCV7N18927000473
10月 03 03:17:05 placeless-MS-7A72 kernel: usb 1-1: new high-speed USB device number 25 using xhci_hcd
10月 03 03:17:05 placeless-MS-7A72 kernel: usb 1-1: New USB device found, idVendor=12d1, idProduct=107e, bcdDevice= 2.99
10月 03 03:17:05 placeless-MS-7A72 kernel: usb 1-1: New USB device strings: Mfr=1, Product=2, SerialNumber=3
10月 03 03:17:05 placeless-MS-7A72 kernel: usb 1-1: Product: HUAWEI
10月 03 03:17:05 placeless-MS-7A72 kernel: usb 1-1: Manufacturer: unknown
10月 03 03:17:05 placeless-MS-7A72 kernel: usb 1-1: SerialNumber: SCV7N18927000473
10月 03 03:17:05 placeless-MS-7A72 kernel: usb 1-1: new high-speed USB device number 25 using xhci_hcd
10月 03 03:17:05 placeless-MS-7A72 kernel: usb 1-1: New USB device found, idVendor=12d1, idProduct=107e, bcdDevice= 2.99
10月 03 03:17:05 placeless-MS-7A72 kernel: usb 1-1: New USB device strings: Mfr=1, Product=2, SerialNumber=3
10月 03 03:17:05 placeless-MS-7A72 kernel: usb 1-1: Product: HUAWEI
10月 03 03:17:05 placeless-MS-7A72 kernel: usb 1-1: Manufacturer: unknown
10月 03 03:17:05 placeless-MS-7A72 kernel: usb 1-1: SerialNumber: SCV7N18927000473
10月 03 03:17:21 placeless-MS-7A72 kernel: usb 1-1: USB disconnect, device number 25
10月 03 03:17:05 placeless-MS-7A72 kernel: usb 1-1: new high-speed USB device number 25 using xhci_hcd
10月 03 03:17:05 placeless-MS-7A72 kernel: usb 1-1: New USB device found, idVendor=12d1, idProduct=107e, bcdDevice= 2.99
10月 03 03:17:05 placeless-MS-7A72 kernel: usb 1-1: New USB device strings: Mfr=1, Product=2, SerialNumber=3
10月 03 03:17:05 placeless-MS-7A72 kernel: usb 1-1: Product: HUAWEI
10月 03 03:17:05 placeless-MS-7A72 kernel: usb 1-1: Manufacturer: unknown
10月 03 03:17:05 placeless-MS-7A72 kernel: usb 1-1: SerialNumber: SCV7N18927000473
10月 03 03:17:21 placeless-MS-7A72 kernel: usb 1-1: USB disconnect, device number 25
10月 03 03:17:25 placeless-MS-7A72 kernel: usb 1-1: new high-speed USB device number 26 using xhci_hcd
10月 03 03:17:25 placeless-MS-7A72 kernel: usb 1-1: New USB device found, idVendor=18d1, idProduct=d00d, bcdDevice= 1.00
10月 03 03:17:25 placeless-MS-7A72 kernel: usb 1-1: New USB device strings: Mfr=1, Product=2, SerialNumber=3
10月 03 03:17:25 placeless-MS-7A72 kernel: usb 1-1: Product: Fastboot2.0
10月 03 03:17:25 placeless-MS-7A72 kernel: usb 1-1: Manufacturer: Fastbo
10月 03 03:17:25 placeless-MS-7A72 kernel: usb 1-1: SerialNumber: SCV7N18927000473
10月 03 03:23:44 placeless-MS-7A72 kernel: usb 1-1: new high-speed USB device number 29 using xhci_hcd
10月 03 03:23:44 placeless-MS-7A72 kernel: usb 1-1: New USB device found, idVendor=12d1, idProduct=107e, bcdDevice= 2.99
10月 03 03:23:44 placeless-MS-7A72 kernel: usb 1-1: New USB device strings: Mfr=1, Product=2, SerialNumber=3
10月 03 03:23:44 placeless-MS-7A72 kernel: usb 1-1: Product: HUAWEI
10月 03 03:23:44 placeless-MS-7A72 kernel: usb 1-1: Manufacturer: unknown
10月 03 03:23:44 placeless-MS-7A72 kernel: usb 1-1: SerialNumber: SCV7N18927000473
10月 03 03:23:44 placeless-MS-7A72 kernel: usb 1-1: new high-speed USB device number 29 using xhci_hcd
10月 03 03:23:44 placeless-MS-7A72 kernel: usb 1-1: New USB device found, idVendor=12d1, idProduct=107e, bcdDevice= 2.99
10月 03 03:23:44 placeless-MS-7A72 kernel: usb 1-1: New USB device strings: Mfr=1, Product=2, SerialNumber=3
10月 03 03:23:44 placeless-MS-7A72 kernel: usb 1-1: Product: HUAWEI
10月 03 03:23:44 placeless-MS-7A72 kernel: usb 1-1: Manufacturer: unknown
10月 03 03:23:44 placeless-MS-7A72 kernel: usb 1-1: SerialNumber: SCV7N18927000473
10月 03 03:23:44 placeless-MS-7A72 kernel: usb 1-1: new high-speed USB device number 29 using xhci_hcd
10月 03 03:23:44 placeless-MS-7A72 kernel: usb 1-1: New USB device found, idVendor=12d1, idProduct=107e, bcdDevice= 2.99
10月 03 03:23:44 placeless-MS-7A72 kernel: usb 1-1: New USB device strings: Mfr=1, Product=2, SerialNumber=3
10月 03 03:23:44 placeless-MS-7A72 kernel: usb 1-1: Product: HUAWEI
10月 03 03:23:44 placeless-MS-7A72 kernel: usb 1-1: Manufacturer: unknown
10月 03 03:23:44 placeless-MS-7A72 kernel: usb 1-1: SerialNumber: SCV7N18927000473
10月 03 03:23:44 placeless-MS-7A72 kernel: usb 1-1: new high-speed USB device number 29 using xhci_hcd
10月 03 03:23:44 placeless-MS-7A72 kernel: usb 1-1: New USB device found, idVendor=12d1, idProduct=107e, bcdDevice= 2.99
10月 03 03:23:44 placeless-MS-7A72 kernel: usb 1-1: New USB device strings: Mfr=1, Product=2, SerialNumber=3
10月 03 03:23:44 placeless-MS-7A72 kernel: usb 1-1: Product: HUAWEI
10月 03 03:23:44 placeless-MS-7A72 kernel: usb 1-1: Manufacturer: unknown
10月 03 03:23:44 placeless-MS-7A72 kernel: usb 1-1: SerialNumber: SCV7N18927000473
10月 03 03:23:56 placeless-MS-7A72 kernel: usb 1-1: USB disconnect, device number 29
10月 03 03:23:44 placeless-MS-7A72 kernel: usb 1-1: new high-speed USB device number 29 using xhci_hcd
10月 03 03:23:44 placeless-MS-7A72 kernel: usb 1-1: New USB device found, idVendor=12d1, idProduct=107e, bcdDevice= 2.99
10月 03 03:23:44 placeless-MS-7A72 kernel: usb 1-1: New USB device strings: Mfr=1, Product=2, SerialNumber=3
10月 03 03:23:44 placeless-MS-7A72 kernel: usb 1-1: Product: HUAWEI
10月 03 03:23:44 placeless-MS-7A72 kernel: usb 1-1: Manufacturer: unknown
10月 03 03:23:44 placeless-MS-7A72 kernel: usb 1-1: SerialNumber: SCV7N18927000473
10月 03 03:23:56 placeless-MS-7A72 kernel: usb 1-1: USB disconnect, device number 29
10月 03 03:24:00 placeless-MS-7A72 kernel: usb 1-1: new high-speed USB device number 30 using xhci_hcd
10月 03 03:24:00 placeless-MS-7A72 kernel: usb 1-1: New USB device found, idVendor=18d1, idProduct=d00d, bcdDevice= 1.00
10月 03 03:24:00 placeless-MS-7A72 kernel: usb 1-1: New USB device strings: Mfr=1, Product=2, SerialNumber=3
10月 03 03:24:00 placeless-MS-7A72 kernel: usb 1-1: Product: Fastboot2.0
10月 03 03:24:00 placeless-MS-7A72 kernel: usb 1-1: Manufacturer: Fastbo
10月 03 03:24:00 placeless-MS-7A72 kernel: usb 1-1: SerialNumber: SCV7N18927000473
10月 03 03:23:44 placeless-MS-7A72 kernel: usb 1-1: new high-speed USB device number 29 using xhci_hcd
10月 03 03:23:44 placeless-MS-7A72 kernel: usb 1-1: New USB device found, idVendor=12d1, idProduct=107e, bcdDevice= 2.99
10月 03 03:23:44 placeless-MS-7A72 kernel: usb 1-1: New USB device strings: Mfr=1, Product=2, SerialNumber=3
10月 03 03:23:44 placeless-MS-7A72 kernel: usb 1-1: Product: HUAWEI
10月 03 03:23:44 placeless-MS-7A72 kernel: usb 1-1: Manufacturer: unknown
10月 03 03:23:44 placeless-MS-7A72 kernel: usb 1-1: SerialNumber: SCV7N18927000473
10月 03 03:23:56 placeless-MS-7A72 kernel: usb 1-1: USB disconnect, device number 29
10月 03 03:24:00 placeless-MS-7A72 kernel: usb 1-1: new high-speed USB device number 30 using xhci_hcd
10月 03 03:24:00 placeless-MS-7A72 kernel: usb 1-1: New USB device found, idVendor=18d1, idProduct=d00d, bcdDevice= 1.00
10月 03 03:24:00 placeless-MS-7A72 kernel: usb 1-1: New USB device strings: Mfr=1, Product=2, SerialNumber=3
10月 03 03:24:00 placeless-MS-7A72 kernel: usb 1-1: Product: Fastboot2.0
10月 03 03:24:00 placeless-MS-7A72 kernel: usb 1-1: Manufacturer: Fastbo
10月 03 03:24:00 placeless-MS-7A72 kernel: usb 1-1: SerialNumber: SCV7N18927000473
10月 03 03:24:03 placeless-MS-7A72 kernel: usb 1-1: USB disconnect, device number 30
10月 03 03:23:44 placeless-MS-7A72 kernel: usb 1-1: new high-speed USB device number 29 using xhci_hcd
10月 03 03:23:44 placeless-MS-7A72 kernel: usb 1-1: New USB device found, idVendor=12d1, idProduct=107e, bcdDevice= 2.99
10月 03 03:23:44 placeless-MS-7A72 kernel: usb 1-1: New USB device strings: Mfr=1, Product=2, SerialNumber=3
10月 03 03:23:44 placeless-MS-7A72 kernel: usb 1-1: Product: HUAWEI
10月 03 03:23:44 placeless-MS-7A72 kernel: usb 1-1: Manufacturer: unknown
10月 03 03:23:44 placeless-MS-7A72 kernel: usb 1-1: SerialNumber: SCV7N18927000473
10月 03 03:23:56 placeless-MS-7A72 kernel: usb 1-1: USB disconnect, device number 29
10月 03 03:24:00 placeless-MS-7A72 kernel: usb 1-1: new high-speed USB device number 30 using xhci_hcd
10月 03 03:24:00 placeless-MS-7A72 kernel: usb 1-1: New USB device found, idVendor=18d1, idProduct=d00d, bcdDevice= 1.00
10月 03 03:24:00 placeless-MS-7A72 kernel: usb 1-1: New USB device strings: Mfr=1, Product=2, SerialNumber=3
10月 03 03:24:00 placeless-MS-7A72 kernel: usb 1-1: Product: Fastboot2.0
10月 03 03:24:00 placeless-MS-7A72 kernel: usb 1-1: Manufacturer: Fastbo
10月 03 03:24:00 placeless-MS-7A72 kernel: usb 1-1: SerialNumber: SCV7N18927000473
10月 03 03:24:03 placeless-MS-7A72 kernel: usb 1-1: USB disconnect, device number 30
10月 03 03:23:44 placeless-MS-7A72 kernel: usb 1-1: new high-speed USB device number 29 using xhci_hcd
10月 03 03:23:44 placeless-MS-7A72 kernel: usb 1-1: New USB device found, idVendor=12d1, idProduct=107e, bcdDevice= 2.99
10月 03 03:23:44 placeless-MS-7A72 kernel: usb 1-1: New USB device strings: Mfr=1, Product=2, SerialNumber=3
10月 03 03:23:44 placeless-MS-7A72 kernel: usb 1-1: Product: HUAWEI
10月 03 03:23:44 placeless-MS-7A72 kernel: usb 1-1: Manufacturer: unknown
10月 03 03:23:44 placeless-MS-7A72 kernel: usb 1-1: SerialNumber: SCV7N18927000473
10月 03 03:23:56 placeless-MS-7A72 kernel: usb 1-1: USB disconnect, device number 29
10月 03 03:24:00 placeless-MS-7A72 kernel: usb 1-1: new high-speed USB device number 30 using xhci_hcd
10月 03 03:24:00 placeless-MS-7A72 kernel: usb 1-1: New USB device found, idVendor=18d1, idProduct=d00d, bcdDevice= 1.00
10月 03 03:24:00 placeless-MS-7A72 kernel: usb 1-1: New USB device strings: Mfr=1, Product=2, SerialNumber=3
10月 03 03:24:00 placeless-MS-7A72 kernel: usb 1-1: Product: Fastboot2.0
10月 03 03:24:00 placeless-MS-7A72 kernel: usb 1-1: Manufacturer: Fastbo
10月 03 03:24:00 placeless-MS-7A72 kernel: usb 1-1: SerialNumber: SCV7N18927000473
10月 03 03:24:03 placeless-MS-7A72 kernel: usb 1-1: USB disconnect, device number 30
10月 03 03:23:56 placeless-MS-7A72 kernel: usb 1-1: USB disconnect, device number 29
10月 03 03:24:00 placeless-MS-7A72 kernel: usb 1-1: new high-speed USB device number 30 using xhci_hcd
10月 03 03:24:00 placeless-MS-7A72 kernel: usb 1-1: New USB device found, idVendor=18d1, idProduct=d00d, bcdDevice= 1.00
10月 03 03:24:00 placeless-MS-7A72 kernel: usb 1-1: New USB device strings: Mfr=1, Product=2, SerialNumber=3
10月 03 03:24:00 placeless-MS-7A72 kernel: usb 1-1: Product: Fastboot2.0
10月 03 03:24:00 placeless-MS-7A72 kernel: usb 1-1: Manufacturer: Fastbo
10月 03 03:24:00 placeless-MS-7A72 kernel: usb 1-1: SerialNumber: SCV7N18927000473
10月 03 03:24:03 placeless-MS-7A72 kernel: usb 1-1: USB disconnect, device number 30
10月 03 03:23:56 placeless-MS-7A72 kernel: usb 1-1: USB disconnect, device number 29
10月 03 03:24:00 placeless-MS-7A72 kernel: usb 1-1: new high-speed USB device number 30 using xhci_hcd
10月 03 03:24:00 placeless-MS-7A72 kernel: usb 1-1: New USB device found, idVendor=18d1, idProduct=d00d, bcdDevice= 1.00
10月 03 03:24:00 placeless-MS-7A72 kernel: usb 1-1: New USB device strings: Mfr=1, Product=2, SerialNumber=3
10月 03 03:24:00 placeless-MS-7A72 kernel: usb 1-1: Product: Fastboot2.0
10月 03 03:24:00 placeless-MS-7A72 kernel: usb 1-1: Manufacturer: Fastbo
10月 03 03:24:00 placeless-MS-7A72 kernel: usb 1-1: SerialNumber: SCV7N18927000473
10月 03 03:24:03 placeless-MS-7A72 kernel: usb 1-1: USB disconnect, device number 30
10月 03 03:23:56 placeless-MS-7A72 kernel: usb 1-1: USB disconnect, device number 29
10月 03 03:24:00 placeless-MS-7A72 kernel: usb 1-1: new high-speed USB device number 30 using xhci_hcd
10月 03 03:24:00 placeless-MS-7A72 kernel: usb 1-1: New USB device found, idVendor=18d1, idProduct=d00d, bcdDevice= 1.00
10月 03 03:24:00 placeless-MS-7A72 kernel: usb 1-1: New USB device strings: Mfr=1, Product=2, SerialNumber=3
10月 03 03:24:00 placeless-MS-7A72 kernel: usb 1-1: Product: Fastboot2.0
10月 03 03:24:00 placeless-MS-7A72 kernel: usb 1-1: Manufacturer: Fastbo
10月 03 03:24:00 placeless-MS-7A72 kernel: usb 1-1: SerialNumber: SCV7N18927000473
10月 03 03:24:03 placeless-MS-7A72 kernel: usb 1-1: USB disconnect, device number 30
10月 03 03:24:00 placeless-MS-7A72 kernel: usb 1-1: new high-speed USB device number 30 using xhci_hcd
10月 03 03:24:00 placeless-MS-7A72 kernel: usb 1-1: New USB device found, idVendor=18d1, idProduct=d00d, bcdDevice= 1.00
10月 03 03:24:00 placeless-MS-7A72 kernel: usb 1-1: New USB device strings: Mfr=1, Product=2, SerialNumber=3
10月 03 03:24:00 placeless-MS-7A72 kernel: usb 1-1: Product: Fastboot2.0
10月 03 03:24:00 placeless-MS-7A72 kernel: usb 1-1: Manufacturer: Fastbo
10月 03 03:24:00 placeless-MS-7A72 kernel: usb 1-1: SerialNumber: SCV7N18927000473
10月 03 03:24:03 placeless-MS-7A72 kernel: usb 1-1: USB disconnect, device number 30
10月 03 03:24:03 placeless-MS-7A72 kernel: usb 1-1: USB disconnect, device number 30
10月 03 03:26:37 placeless-MS-7A72 kernel: usb 1-1: new high-speed USB device number 31 using xhci_hcd
10月 03 03:26:37 placeless-MS-7A72 kernel: usb 1-1: New USB device found, idVendor=12d1, idProduct=107e, bcdDevice= 2.99
10月 03 03:26:37 placeless-MS-7A72 kernel: usb 1-1: New USB device strings: Mfr=1, Product=2, SerialNumber=3
10月 03 03:26:37 placeless-MS-7A72 kernel: usb 1-1: Product: HUAWEI
10月 03 03:26:37 placeless-MS-7A72 kernel: usb 1-1: Manufacturer: unknown
10月 03 03:26:37 placeless-MS-7A72 kernel: usb 1-1: SerialNumber: SCV7N18927000473
10月 03 03:26:37 placeless-MS-7A72 kernel: usb 1-1: new high-speed USB device number 31 using xhci_hcd
10月 03 03:26:37 placeless-MS-7A72 kernel: usb 1-1: New USB device found, idVendor=12d1, idProduct=107e, bcdDevice= 2.99
10月 03 03:26:37 placeless-MS-7A72 kernel: usb 1-1: New USB device strings: Mfr=1, Product=2, SerialNumber=3
10月 03 03:26:37 placeless-MS-7A72 kernel: usb 1-1: Product: HUAWEI
10月 03 03:26:37 placeless-MS-7A72 kernel: usb 1-1: Manufacturer: unknown
10月 03 03:26:37 placeless-MS-7A72 kernel: usb 1-1: SerialNumber: SCV7N18927000473
10月 03 03:26:37 placeless-MS-7A72 kernel: usb 1-1: new high-speed USB device number 31 using xhci_hcd
10月 03 03:26:37 placeless-MS-7A72 kernel: usb 1-1: New USB device found, idVendor=12d1, idProduct=107e, bcdDevice= 2.99
10月 03 03:26:37 placeless-MS-7A72 kernel: usb 1-1: New USB device strings: Mfr=1, Product=2, SerialNumber=3
10月 03 03:26:37 placeless-MS-7A72 kernel: usb 1-1: Product: HUAWEI
10月 03 03:26:37 placeless-MS-7A72 kernel: usb 1-1: Manufacturer: unknown
10月 03 03:26:37 placeless-MS-7A72 kernel: usb 1-1: SerialNumber: SCV7N18927000473
10月 03 03:26:37 placeless-MS-7A72 kernel: usb 1-1: new high-speed USB device number 31 using xhci_hcd
10月 03 03:26:37 placeless-MS-7A72 kernel: usb 1-1: New USB device found, idVendor=12d1, idProduct=107e, bcdDevice= 2.99
10月 03 03:26:37 placeless-MS-7A72 kernel: usb 1-1: New USB device strings: Mfr=1, Product=2, SerialNumber=3
10月 03 03:26:37 placeless-MS-7A72 kernel: usb 1-1: Product: HUAWEI
10月 03 03:26:37 placeless-MS-7A72 kernel: usb 1-1: Manufacturer: unknown
10月 03 03:26:37 placeless-MS-7A72 kernel: usb 1-1: SerialNumber: SCV7N18927000473
10月 03 03:26:52 placeless-MS-7A72 kernel: usb 1-1: USB disconnect, device number 31
10月 03 03:26:37 placeless-MS-7A72 kernel: usb 1-1: new high-speed USB device number 31 using xhci_hcd
10月 03 03:26:37 placeless-MS-7A72 kernel: usb 1-1: New USB device found, idVendor=12d1, idProduct=107e, bcdDevice= 2.99
10月 03 03:26:37 placeless-MS-7A72 kernel: usb 1-1: New USB device strings: Mfr=1, Product=2, SerialNumber=3
10月 03 03:26:37 placeless-MS-7A72 kernel: usb 1-1: Product: HUAWEI
10月 03 03:26:37 placeless-MS-7A72 kernel: usb 1-1: Manufacturer: unknown
10月 03 03:26:37 placeless-MS-7A72 kernel: usb 1-1: SerialNumber: SCV7N18927000473
10月 03 03:26:52 placeless-MS-7A72 kernel: usb 1-1: USB disconnect, device number 31
10月 03 03:26:56 placeless-MS-7A72 kernel: usb 1-1: new high-speed USB device number 32 using xhci_hcd
10月 03 03:26:56 placeless-MS-7A72 kernel: usb 1-1: New USB device found, idVendor=18d1, idProduct=d00d, bcdDevice= 1.00
10月 03 03:26:56 placeless-MS-7A72 kernel: usb 1-1: New USB device strings: Mfr=1, Product=2, SerialNumber=3
10月 03 03:26:56 placeless-MS-7A72 kernel: usb 1-1: Product: Fastboot2.0
10月 03 03:26:56 placeless-MS-7A72 kernel: usb 1-1: Manufacturer: Fastbo
10月 03 03:26:56 placeless-MS-7A72 kernel: usb 1-1: SerialNumber: SCV7N18927000473
10月 03 03:32:31 placeless-MS-7A72 kernel: usb 1-1: new high-speed USB device number 35 using xhci_hcd
10月 03 03:32:31 placeless-MS-7A72 kernel: usb 1-1: New USB device found, idVendor=12d1, idProduct=107e, bcdDevice= 2.99
10月 03 03:32:31 placeless-MS-7A72 kernel: usb 1-1: New USB device strings: Mfr=1, Product=2, SerialNumber=3
10月 03 03:32:31 placeless-MS-7A72 kernel: usb 1-1: Product: HUAWEI
10月 03 03:32:31 placeless-MS-7A72 kernel: usb 1-1: Manufacturer: unknown
10月 03 03:32:31 placeless-MS-7A72 kernel: usb 1-1: SerialNumber: SCV7N18927000473
10月 03 03:32:31 placeless-MS-7A72 kernel: usb 1-1: New USB device found, idVendor=12d1, idProduct=107e, bcdDevice= 2.99
10月 03 03:32:31 placeless-MS-7A72 kernel: usb 1-1: New USB device strings: Mfr=1, Product=2, SerialNumber=3
10月 03 03:32:31 placeless-MS-7A72 kernel: usb 1-1: Product: HUAWEI
10月 03 03:32:31 placeless-MS-7A72 kernel: usb 1-1: Manufacturer: unknown
10月 03 03:32:31 placeless-MS-7A72 kernel: usb 1-1: SerialNumber: SCV7N18927000473
10月 03 03:57:41 placeless-MS-7A72 kernel: usb 1-1: reset high-speed USB device number 35 using xhci_hcd
10月 03 03:57:41 placeless-MS-7A72 kernel: usb 1-1: reset high-speed USB device number 35 using xhci_hcd
10月 03 03:57:41 placeless-MS-7A72 kernel: usb 1-1: reset high-speed USB device number 35 using xhci_hcd
10月 03 03:57:41 placeless-MS-7A72 kernel: usb 1-1: reset high-speed USB device number 35 using xhci_hcd
10月 03 03:57:41 placeless-MS-7A72 kernel: usb 1-1: reset high-speed USB device number 35 using xhci_hcd
10月 03 03:57:41 placeless-MS-7A72 kernel: usb 1-1: reset high-speed USB device number 35 using xhci_hcd
10月 03 03:57:41 placeless-MS-7A72 kernel: usb 1-1: reset high-speed USB device number 35 using xhci_hcd
10月 03 04:22:44 placeless-MS-7A72 kernel: usb 1-1: reset high-speed USB device number 35 using xhci_hcd
10月 03 04:22:44 placeless-MS-7A72 kernel: usb 1-1: reset high-speed USB device number 35 using xhci_hcd
10月 03 04:22:44 placeless-MS-7A72 kernel: usb 1-1: reset high-speed USB device number 35 using xhci_hcd
10月 03 04:22:44 placeless-MS-7A72 kernel: usb 1-1: reset high-speed USB device number 35 using xhci_hcd
10月 03 04:22:44 placeless-MS-7A72 kernel: usb 1-1: reset high-speed USB device number 35 using xhci_hcd
10月 03 04:22:44 placeless-MS-7A72 kernel: usb 1-1: reset high-speed USB device number 35 using xhci_hcd
10月 03 04:22:44 placeless-MS-7A72 kernel: usb 1-1: reset high-speed USB device number 35 using xhci_hcd
10月 03 04:47:46 placeless-MS-7A72 kernel: usb 1-1: reset high-speed USB device number 35 using xhci_hcd
10月 03 04:47:46 placeless-MS-7A72 kernel: usb 1-1: reset high-speed USB device number 35 using xhci_hcd
10月 03 04:47:46 placeless-MS-7A72 kernel: usb 1-1: reset high-speed USB device number 35 using xhci_hcd
10月 03 04:47:46 placeless-MS-7A72 kernel: usb 1-1: reset high-speed USB device number 35 using xhci_hcd
10月 03 04:47:46 placeless-MS-7A72 kernel: usb 1-1: reset high-speed USB device number 35 using xhci_hcd
10月 03 04:47:46 placeless-MS-7A72 kernel: usb 1-1: reset high-speed USB device number 35 using xhci_hcd
10月 03 04:47:46 placeless-MS-7A72 kernel: usb 1-1: reset high-speed USB device number 35 using xhci_hcd
10月 03 05:12:49 placeless-MS-7A72 kernel: usb 1-1: reset high-speed USB device number 35 using xhci_hcd
10月 03 05:12:49 placeless-MS-7A72 kernel: usb 1-1: reset high-speed USB device number 35 using xhci_hcd
10月 03 05:12:49 placeless-MS-7A72 kernel: usb 1-1: reset high-speed USB device number 35 using xhci_hcd
10月 03 05:12:49 placeless-MS-7A72 kernel: usb 1-1: reset high-speed USB device number 35 using xhci_hcd
10月 03 05:12:49 placeless-MS-7A72 kernel: usb 1-1: reset high-speed USB device number 35 using xhci_hcd
10月 03 05:12:49 placeless-MS-7A72 kernel: usb 1-1: reset high-speed USB device number 35 using xhci_hcd
10月 03 05:12:49 placeless-MS-7A72 kernel: usb 1-1: reset high-speed USB device number 35 using xhci_hcd
10月 03 05:37:51 placeless-MS-7A72 kernel: usb 1-1: reset high-speed USB device number 35 using xhci_hcd
10月 03 05:37:51 placeless-MS-7A72 kernel: usb 1-1: reset high-speed USB device number 35 using xhci_hcd
10月 03 05:37:51 placeless-MS-7A72 kernel: usb 1-1: reset high-speed USB device number 35 using xhci_hcd
10月 03 05:37:51 placeless-MS-7A72 kernel: usb 1-1: reset high-speed USB device number 35 using xhci_hcd
10月 03 05:37:51 placeless-MS-7A72 kernel: usb 1-1: reset high-speed USB device number 35 using xhci_hcd
10月 03 05:37:51 placeless-MS-7A72 kernel: usb 1-1: reset high-speed USB device number 35 using xhci_hcd
10月 03 05:37:51 placeless-MS-7A72 kernel: usb 1-1: reset high-speed USB device number 35 using xhci_hcd
