16:17:27 ===== attempt 1 =====
16:17:27 phone is already reachable; using the current boot (no reboot)
16:17:27 waiting for the boot to settle (30 min)
16:17:27 boot is settled (uptime 5155s); settling 300s more
16:22:27 trying the no-root pstore read first
16:22:27   (noroot read unavailable: not readable)
16:22:27 starting the root shell (poll 25 min)
16:47:38 attempt 1: no root
16:47:43 ===== attempt 2 =====
16:47:43 rebooting for a clean heap
16:48:26 waiting for the new boot to settle (30 min)
16:48:26 boot is settled (uptime 24s); settling 300s more
16:53:26 trying the no-root pstore read first
16:53:26   (noroot read unavailable: not readable)
16:53:26 starting the root shell (poll 25 min)
17:18:37 attempt 2: no root
17:18:42 ===== attempt 3 =====
17:18:42 rebooting for a clean heap
17:19:26 waiting for the new boot to settle (30 min)
17:19:26 boot is settled (uptime 25s); settling 300s more
17:24:26 trying the no-root pstore read first
17:24:26   (noroot read unavailable: not readable)
17:24:26 starting the root shell (poll 25 min)
17:49:38 attempt 3: no root
17:49:43 ===== attempt 4 =====
17:49:43 rebooting for a clean heap
17:50:28 waiting for the new boot to settle (30 min)
17:50:28 boot is settled (uptime 25s); settling 300s more
17:55:28 trying the no-root pstore read first
17:55:28   (noroot read unavailable: not readable)
17:55:28 starting the root shell (poll 25 min)
18:20:36 attempt 4: no root
18:20:41 ===== attempt 5 =====
18:20:41 rebooting for a clean heap
